#
# There is insufficient memory for the Java Runtime Environment to continue.
# Native memory allocation (malloc) failed to allocate 32744 bytes for Chunk::new
# Possible reasons:
#   The system is out of physical RAM or swap space
#   The process is running with CompressedOops enabled, and the Java Heap may be blocking the growth of the native heap
# Possible solutions:
#   Reduce memory load on the system
#   Increase physical memory or swap space
#   Check if swap backing store is full
#   Decrease Java heap size (-Xmx/-Xms)
#   Decrease number of Java threads
#   Decrease Java thread stack sizes (-Xss)
#   Set larger code cache with -XX:ReservedCodeCacheSize=
#   JVM is running with Unscaled Compressed Oops mode in which the Java heap is
#     placed in the first 4GB address space. The Java Heap base address is the
#     maximum limit for the native heap growth. Please use -XX:HeapBaseMinAddress
#     to set the Java Heap base and to place the Java Heap above 4GB virtual address.
# This output file may be truncated or incomplete.
#
#  Out of Memory Error (arena.cpp:168), pid=16132, tid=10132
#
# JRE version: Java(TM) SE Runtime Environment (21.0.8+12) (build 21.0.8+12-LTS-250)
# Java VM: Java HotSpot(TM) 64-Bit Server VM (21.0.8+12-LTS-250, mixed mode, sharing, tiered, compressed oops, compressed class ptrs, g1 gc, windows-amd64)
# No core dump will be written. Minidumps are not enabled by default on client versions of Windows
#

---------------  S U M M A R Y ------------

Command Line: --add-opens=java.base/java.lang=ALL-UNNAMED --add-opens=java.base/java.lang.invoke=ALL-UNNAMED --add-opens=java.base/java.util=ALL-UNNAMED --add-opens=java.prefs/java.util.prefs=ALL-UNNAMED --add-exports=jdk.compiler/com.sun.tools.javac.api=ALL-UNNAMED --add-exports=jdk.compiler/com.sun.tools.javac.util=ALL-UNNAMED --add-opens=java.base/java.nio.charset=ALL-UNNAMED --add-opens=java.base/java.net=ALL-UNNAMED --add-opens=java.base/java.util.concurrent=ALL-UNNAMED --add-opens=java.base/java.util.concurrent.atomic=ALL-UNNAMED --add-opens=java.xml/javax.xml.namespace=ALL-UNNAMED --add-opens=java.base/java.time=ALL-UNNAMED -XX:MaxMetaspaceSize=384m -Xmx1024m -Dfile.encoding=UTF-8 -Duser.country=BR -Duser.language=pt -Duser.variant -javaagent:C:\Users\akard\AppData\Local\Temp\cursor-sandbox-cache\49dc35cb4c8d8a83ccabbb20113ffa12\gradle\wrapper\dists\gradle-9.5.0-bin\bvnork1r7n8i6kp5cnkibsc9q\gradle-9.5.0\lib\agents\gradle-instrumentation-agent-9.5.0.jar org.gradle.launcher.daemon.bootstrap.GradleDaemon 9.5.0

Host: Snapdragon (TM) 7c Gen 2 @ 2.55 GHz, 8 cores, 3G,  Windows 11 , 64 bit Build 26100 (10.0.26100.9278)
Time: Mon Aug 31 08:11:51 2026 Hora Padrão da Bahia elapsed time: 266.801960 seconds (0d 0h 4m 26s)

---------------  T H R E A D  ---------------

Current thread (0x000002052f64fa40):  JavaThread "C2 CompilerThread0" daemon [_thread_in_native, id=10132, stack(0x000000e03e900000,0x000000e03ea00000) (1024K)]


Current CompileTask:
C2: 266810 10052   !   4       org.jetbrains.kotlin.metadata.ProtoBuf$Class::<init> (2570 bytes)

Stack: [0x000000e03e900000,0x000000e03ea00000]
Native frames: (J=compiled Java code, j=interpreted, Vv=VM code, C=native code)
V  [jvm.dll+0x6cc179]
V  [jvm.dll+0x8584c1]
V  [jvm.dll+0x85a9ee]
V  [jvm.dll+0x85b0c3]
V  [jvm.dll+0x27ebf6]
V  [jvm.dll+0xc4f4d]
V  [jvm.dll+0xc5483]
V  [jvm.dll+0x3bc16d]
V  [jvm.dll+0x3bb991]
V  [jvm.dll+0x3bb9d4]
V  [jvm.dll+0x5d74cb]
V  [jvm.dll+0x5d7f5a]
V  [jvm.dll+0x382a64]
V  [jvm.dll+0x381eaa]
V  [jvm.dll+0x247670]
V  [jvm.dll+0x246c4f]
V  [jvm.dll+0x1c7a3e]
V  [jvm.dll+0x256359]
V  [jvm.dll+0x2548ea]
V  [jvm.dll+0x3efef6]
V  [jvm.dll+0x80279b]
V  [jvm.dll+0x6ca85d]
C  [ucrtbase.dll+0x19a20c]


---------------  P R O C E S S  ---------------

Threads class SMR info:
_java_thread_list=0x000002054aa37af0, length=36, elements={
0x000002050aebc180, 0x000002052f63ceb0, 0x000002052f63dbc0, 0x000002052f640400,
0x000002052f643120, 0x000002052f640e50, 0x000002052f641b40, 0x000002052f64fa40,
0x000002052f672c70, 0x0000020549266370, 0x000002054938ef30, 0x000002054bbe5c80,
0x000002054ac19c80, 0x000002054b7d7450, 0x000002054a4cb4f0, 0x00000205493def40,
0x000002054bc3d570, 0x000002054a7c9a20, 0x000002054a7da720, 0x000002054a7dadb0,
0x000002054a7db440, 0x000002054a7dce80, 0x000002054a7dbad0, 0x000002054a7dc160,
0x000002054cdf8650, 0x000002054cdf7930, 0x000002054cdf8ce0, 0x000002054cdf9370,
0x000002054cdf9a00, 0x000002054e66df90, 0x000002054e66e620, 0x000002054e66c550,
0x000002054e670060, 0x000002054a86a270, 0x000002054a86c9d0, 0x000002054a86a900
}

Java Threads: ( => current thread )
  0x000002050aebc180 JavaThread "main"                              [_thread_blocked, id=7712, stack(0x000000e03db00000,0x000000e03dc00000) (1024K)]
  0x000002052f63ceb0 JavaThread "Reference Handler"          daemon [_thread_blocked, id=11612, stack(0x000000e03e300000,0x000000e03e400000) (1024K)]
  0x000002052f63dbc0 JavaThread "Finalizer"                  daemon [_thread_blocked, id=14720, stack(0x000000e03e400000,0x000000e03e500000) (1024K)]
  0x000002052f640400 JavaThread "Signal Dispatcher"          daemon [_thread_blocked, id=14436, stack(0x000000e03e500000,0x000000e03e600000) (1024K)]
  0x000002052f643120 JavaThread "Attach Listener"            daemon [_thread_blocked, id=5960, stack(0x000000e03e600000,0x000000e03e700000) (1024K)]
  0x000002052f640e50 JavaThread "Service Thread"             daemon [_thread_blocked, id=20248, stack(0x000000e03e700000,0x000000e03e800000) (1024K)]
  0x000002052f641b40 JavaThread "Monitor Deflation Thread"   daemon [_thread_blocked, id=12920, stack(0x000000e03e800000,0x000000e03e900000) (1024K)]
=>0x000002052f64fa40 JavaThread "C2 CompilerThread0"         daemon [_thread_in_native, id=10132, stack(0x000000e03e900000,0x000000e03ea00000) (1024K)]
  0x000002052f672c70 JavaThread "C1 CompilerThread0"         daemon [_thread_blocked, id=11376, stack(0x000000e03ea00000,0x000000e03eb00000) (1024K)]
  0x0000020549266370 JavaThread "Common-Cleaner"             daemon [_thread_blocked, id=5712, stack(0x000000e03eb00000,0x000000e03ec00000) (1024K)]
  0x000002054938ef30 JavaThread "Notification Thread"        daemon [_thread_blocked, id=16580, stack(0x000000e03ec00000,0x000000e03ed00000) (1024K)]
  0x000002054bbe5c80 JavaThread "Daemon health stats"               [_thread_blocked, id=12116, stack(0x000000e03f000000,0x000000e03f100000) (1024K)]
  0x000002054ac19c80 JavaThread "Incoming local TCP Connector on port 54744"        [_thread_in_native, id=16880, stack(0x000000e03f500000,0x000000e03f600000) (1024K)]
  0x000002054b7d7450 JavaThread "Daemon periodic checks"            [_thread_blocked, id=19220, stack(0x000000e03f600000,0x000000e03f700000) (1024K)]
  0x000002054a4cb4f0 JavaThread "Daemon"                            [_thread_blocked, id=9824, stack(0x000000e03f700000,0x000000e03f800000) (1024K)]
  0x00000205493def40 JavaThread "Handler for socket connection from /127.0.0.1:54744 to /127.0.0.1:54745"        [_thread_in_native, id=13892, stack(0x000000e03f800000,0x000000e03f900000) (1024K)]
  0x000002054bc3d570 JavaThread "Cancel handler"                    [_thread_blocked, id=17960, stack(0x000000e03f900000,0x000000e03fa00000) (1024K)]
  0x000002054a7c9a20 JavaThread "Daemon worker"                     [_thread_in_vm, id=6536, stack(0x000000e03fa00000,0x000000e03fb00000) (1024K)]
  0x000002054a7da720 JavaThread "Asynchronous log dispatcher for DefaultDaemonConnection: socket connection from /127.0.0.1:54744 to /127.0.0.1:54745"        [_thread_blocked, id=2460, stack(0x000000e03fb00000,0x000000e03fc00000) (1024K)]
  0x000002054a7dadb0 JavaThread "Stdin handler"                     [_thread_blocked, id=2316, stack(0x000000e03fc00000,0x000000e03fd00000) (1024K)]
  0x000002054a7db440 JavaThread "Daemon client event forwarder"        [_thread_blocked, id=9484, stack(0x000000e03fd00000,0x000000e03fe00000) (1024K)]
  0x000002054a7dce80 JavaThread "Cache worker for journal cache (C:\Users\akard\AppData\Local\Temp\cursor-sandbox-cache\49dc35cb4c8d8a83ccabbb20113ffa12\gradle\caches\journal-1)"        [_thread_blocked, id=14980, stack(0x000000e03fe00000,0x000000e03ff00000) (1024K)]
  0x000002054a7dbad0 JavaThread "File lock request listener"        [_thread_in_native, id=10292, stack(0x000000e03ff00000,0x000000e040000000) (1024K)]
  0x000002054a7dc160 JavaThread "Cache worker for file hash cache (C:\Users\akard\AppData\Local\Temp\cursor-sandbox-cache\49dc35cb4c8d8a83ccabbb20113ffa12\gradle\caches\9.5.0\fileHashes)"        [_thread_blocked, id=18132, stack(0x000000e040000000,0x000000e040100000) (1024K)]
  0x000002054cdf8650 JavaThread "Cache worker for file hash cache (C:\VisualCode\App_Gestor_Driver\android-app\.gradle\9.5.0\fileHashes)"        [_thread_blocked, id=4808, stack(0x000000e040200000,0x000000e040300000) (1024K)]
  0x000002054cdf7930 JavaThread "Cache worker for Build Output Cleanup Cache (C:\VisualCode\App_Gestor_Driver\android-app\.gradle\buildOutputCleanup)"        [_thread_blocked, id=18820, stack(0x000000e040300000,0x000000e040400000) (1024K)]
  0x000002054cdf8ce0 JavaThread "File watcher server"        daemon [_thread_in_native, id=17132, stack(0x000000e040400000,0x000000e040500000) (1024K)]
  0x000002054cdf9370 JavaThread "File watcher consumer"      daemon [_thread_blocked, id=13216, stack(0x000000e040500000,0x000000e040600000) (1024K)]
  0x000002054cdf9a00 JavaThread "Cache worker for file content cache (C:\Users\akard\AppData\Local\Temp\cursor-sandbox-cache\49dc35cb4c8d8a83ccabbb20113ffa12\gradle\caches\9.5.0\fileContent)"        [_thread_blocked, id=10524, stack(0x000000e040600000,0x000000e040700000) (1024K)]
  0x000002054e66df90 JavaThread "Cache worker for checksums cache (C:\VisualCode\App_Gestor_Driver\android-app\.gradle\9.5.0\checksums)"        [_thread_blocked, id=8764, stack(0x000000e040700000,0x000000e040800000) (1024K)]
  0x000002054e66e620 JavaThread "Cache worker for cache directory md-supplier (C:\Users\akard\AppData\Local\Temp\cursor-sandbox-cache\49dc35cb4c8d8a83ccabbb20113ffa12\gradle\caches\9.5.0\md-supplier)"        [_thread_blocked, id=4252, stack(0x000000e040800000,0x000000e040900000) (1024K)]
  0x000002054e66c550 JavaThread "Cache worker for cache directory md-rule (C:\Users\akard\AppData\Local\Temp\cursor-sandbox-cache\49dc35cb4c8d8a83ccabbb20113ffa12\gradle\caches\9.5.0\md-rule)"        [_thread_blocked, id=19588, stack(0x000000e040900000,0x000000e040a00000) (1024K)]
  0x000002054e670060 JavaThread "Build operations"                  [_thread_blocked, id=5956, stack(0x000000e040b00000,0x000000e040c00000) (1024K)]
  0x000002054a86a270 JavaThread "DefaultDispatcher-worker-1" daemon [_thread_blocked, id=12072, stack(0x000000e03d800000,0x000000e03d900000) (1024K)]
  0x000002054a86c9d0 JavaThread "DefaultDispatcher-worker-2" daemon [_thread_blocked, id=19772, stack(0x000000e03d900000,0x000000e03da00000) (1024K)]
  0x000002054a86a900 JavaThread "DefaultDispatcher-worker-3" daemon [_thread_blocked, id=12900, stack(0x000000e040a00000,0x000000e040b00000) (1024K)]
Total: 36

Other Threads:
  0x000002052f61dff0 VMThread "VM Thread"                           [id=1908, stack(0x000000e03e200000,0x000000e03e300000) (1024K)]
  0x000002052f60d8e0 WatcherThread "VM Periodic Task Thread"        [id=15736, stack(0x000000e03e100000,0x000000e03e200000) (1024K)]
  0x0000020513e23910 WorkerThread "GC Thread#0"                     [id=17256, stack(0x000000e03dc00000,0x000000e03dd00000) (1024K)]
  0x000002054ae06f60 WorkerThread "GC Thread#1"                     [id=13836, stack(0x000000e03ed00000,0x000000e03ee00000) (1024K)]
  0x000002054ac69890 WorkerThread "GC Thread#2"                     [id=9428, stack(0x000000e03ee00000,0x000000e03ef00000) (1024K)]
  0x000002054ac69c30 WorkerThread "GC Thread#3"                     [id=7028, stack(0x000000e03ef00000,0x000000e03f000000) (1024K)]
  0x000002054a55f340 WorkerThread "GC Thread#4"                     [id=16724, stack(0x000000e03f100000,0x000000e03f200000) (1024K)]
  0x000002054bbc8c50 WorkerThread "GC Thread#5"                     [id=10064, stack(0x000000e03f200000,0x000000e03f300000) (1024K)]
  0x00000205493a6eb0 WorkerThread "GC Thread#6"                     [id=16436, stack(0x000000e03f300000,0x000000e03f400000) (1024K)]
  0x000002054c5d5190 WorkerThread "GC Thread#7"                     [id=19792, stack(0x000000e03f400000,0x000000e03f500000) (1024K)]
  0x0000020513e2f820 ConcurrentGCThread "G1 Main Marker"            [id=8872, stack(0x000000e03dd00000,0x000000e03de00000) (1024K)]
  0x0000020513e31240 WorkerThread "G1 Conc#0"                       [id=9172, stack(0x000000e03de00000,0x000000e03df00000) (1024K)]
  0x000002054abef3e0 WorkerThread "G1 Conc#1"                       [id=13848, stack(0x000000e040100000,0x000000e040200000) (1024K)]
  0x0000020513e8e6f0 ConcurrentGCThread "G1 Refine#0"               [id=3828, stack(0x000000e03df00000,0x000000e03e000000) (1024K)]
  0x000002052f4e1710 ConcurrentGCThread "G1 Service"                [id=9176, stack(0x000000e03e000000,0x000000e03e100000) (1024K)]
Total: 15

Threads with active compile tasks:
C2 CompilerThread0   267379 10052   !   4       org.jetbrains.kotlin.metadata.ProtoBuf$Class::<init> (2570 bytes)
Total: 1

VM state: not at safepoint (normal execution)

VM Mutex/Monitor currently owned by a thread:  ([mutex/lock_event])
[0x00007ff9ac03ee50] Metaspace_lock - owner thread: 0x000002054a7c9a20

Heap address: 0x00000000c0000000, size: 1024 MB, Compressed Oops mode: 32-bit

CDS archive(s) mapped at: [0x0000020530000000-0x0000020530c90000-0x0000020530c90000), size 13172736, SharedBaseAddress: 0x0000020530000000, ArchiveRelocationMode: 1.
Compressed class space mapped at: 0x0000020531000000-0x0000020545000000, reserved size: 335544320
Narrow klass base: 0x0000020530000000, Narrow klass shift: 0, Narrow klass range: 0x100000000

GC Precious Log:
 CardTable entry size: 512
 Card Set container configuration: InlinePtr #cards 5 size 8 Array Of Cards #cards 12 size 40 Howl #buckets 4 coarsen threshold 1843 Howl Bitmap #cards 512 size 80 coarsen threshold 460 Card regions per heap region 1 cards per card region 2048
 CPUs: 8 total, 8 available
 Memory: 3767M
 Large Page Support: Disabled
 NUMA Support: Disabled
 Compressed Oops: Enabled (32-bit)
 Heap Region Size: 1M
 Heap Min Capacity: 8M
 Heap Initial Capacity: 60M
 Heap Max Capacity: 1G
 Pre-touch: Disabled
 Parallel Workers: 8
 Concurrent Workers: 2
 Concurrent Refinement Workers: 8
 Periodic GC: Disabled

Heap:
 garbage-first heap   total 178176K, used 103404K [0x00000000c0000000, 0x0000000100000000)
  region size 1024K, 21 young (21504K), 9 survivors (9216K)
 Metaspace       used 89020K, committed 90560K, reserved 458752K
  class space    used 11164K, committed 11904K, reserved 327680K

Heap Regions: E=young(eden), S=young(survivor), O=old, HS=humongous(starts), HC=humongous(continues), CS=collection set, F=free, TAMS=top-at-mark-start, PB=parsable bottom
|   0|0x00000000c0000000, 0x00000000c0100000, 0x00000000c0100000|100%|HS|  |TAMS 0x00000000c0000000| PB 0x00000000c0000000| Complete 
|   1|0x00000000c0100000, 0x00000000c0200000, 0x00000000c0200000|100%|HC|  |TAMS 0x00000000c0100000| PB 0x00000000c0100000| Complete 
|   2|0x00000000c0200000, 0x00000000c0300000, 0x00000000c0300000|100%|HC|  |TAMS 0x00000000c0200000| PB 0x00000000c0200000| Complete 
|   3|0x00000000c0300000, 0x00000000c0400000, 0x00000000c0400000|100%|HC|  |TAMS 0x00000000c0300000| PB 0x00000000c0300000| Complete 
|   4|0x00000000c0400000, 0x00000000c0500000, 0x00000000c0500000|100%| O|  |TAMS 0x00000000c0400000| PB 0x00000000c0400000| Untracked 
|   5|0x00000000c0500000, 0x00000000c0600000, 0x00000000c0600000|100%| O|  |TAMS 0x00000000c0500000| PB 0x00000000c0500000| Untracked 
|   6|0x00000000c0600000, 0x00000000c0700000, 0x00000000c0700000|100%| O|  |TAMS 0x00000000c0600000| PB 0x00000000c0600000| Untracked 
|   7|0x00000000c0700000, 0x00000000c0800000, 0x00000000c0800000|100%| O|  |TAMS 0x00000000c0700000| PB 0x00000000c0700000| Untracked 
|   8|0x00000000c0800000, 0x00000000c0900000, 0x00000000c0900000|100%| O|  |TAMS 0x00000000c0800000| PB 0x00000000c0800000| Untracked 
|   9|0x00000000c0900000, 0x00000000c0a00000, 0x00000000c0a00000|100%| O|  |TAMS 0x00000000c0900000| PB 0x00000000c0900000| Untracked 
|  10|0x00000000c0a00000, 0x00000000c0b00000, 0x00000000c0b00000|100%| O|  |TAMS 0x00000000c0a00000| PB 0x00000000c0a00000| Untracked 
|  11|0x00000000c0b00000, 0x00000000c0c00000, 0x00000000c0c00000|100%|HS|  |TAMS 0x00000000c0b00000| PB 0x00000000c0b00000| Complete 
|  12|0x00000000c0c00000, 0x00000000c0d00000, 0x00000000c0d00000|100%| O|  |TAMS 0x00000000c0c00000| PB 0x00000000c0c00000| Untracked 
|  13|0x00000000c0d00000, 0x00000000c0e00000, 0x00000000c0e00000|100%| O|  |TAMS 0x00000000c0d00000| PB 0x00000000c0d00000| Untracked 
|  14|0x00000000c0e00000, 0x00000000c0f00000, 0x00000000c0f00000|100%| O|  |TAMS 0x00000000c0e00000| PB 0x00000000c0e00000| Untracked 
|  15|0x00000000c0f00000, 0x00000000c1000000, 0x00000000c1000000|100%| O|  |TAMS 0x00000000c0f00000| PB 0x00000000c0f00000| Untracked 
|  16|0x00000000c1000000, 0x00000000c1100000, 0x00000000c1100000|100%| O|  |TAMS 0x00000000c1000000| PB 0x00000000c1000000| Untracked 
|  17|0x00000000c1100000, 0x00000000c1200000, 0x00000000c1200000|100%| O|  |TAMS 0x00000000c1100000| PB 0x00000000c1100000| Untracked 
|  18|0x00000000c1200000, 0x00000000c1300000, 0x00000000c1300000|100%| O|  |TAMS 0x00000000c1200000| PB 0x00000000c1200000| Untracked 
|  19|0x00000000c1300000, 0x00000000c1400000, 0x00000000c1400000|100%| O|  |TAMS 0x00000000c1300000| PB 0x00000000c1300000| Untracked 
|  20|0x00000000c1400000, 0x00000000c1500000, 0x00000000c1500000|100%| O|  |TAMS 0x00000000c1400000| PB 0x00000000c1400000| Untracked 
|  21|0x00000000c1500000, 0x00000000c1600000, 0x00000000c1600000|100%| O|  |TAMS 0x00000000c1500000| PB 0x00000000c1500000| Untracked 
|  22|0x00000000c1600000, 0x00000000c1700000, 0x00000000c1700000|100%| O|  |TAMS 0x00000000c1600000| PB 0x00000000c1600000| Untracked 
|  23|0x00000000c1700000, 0x00000000c1800000, 0x00000000c1800000|100%| O|  |TAMS 0x00000000c1700000| PB 0x00000000c1700000| Untracked 
|  24|0x00000000c1800000, 0x00000000c1900000, 0x00000000c1900000|100%| O|  |TAMS 0x00000000c1800000| PB 0x00000000c1800000| Untracked 
|  25|0x00000000c1900000, 0x00000000c1a00000, 0x00000000c1a00000|100%| O|  |TAMS 0x00000000c1900000| PB 0x00000000c1900000| Untracked 
|  26|0x00000000c1a00000, 0x00000000c1b00000, 0x00000000c1b00000|100%| O|  |TAMS 0x00000000c1a00000| PB 0x00000000c1a00000| Untracked 
|  27|0x00000000c1b00000, 0x00000000c1c00000, 0x00000000c1c00000|100%| O|  |TAMS 0x00000000c1b00000| PB 0x00000000c1b00000| Untracked 
|  28|0x00000000c1c00000, 0x00000000c1d00000, 0x00000000c1d00000|100%| O|  |TAMS 0x00000000c1c00000| PB 0x00000000c1c00000| Untracked 
|  29|0x00000000c1d00000, 0x00000000c1e00000, 0x00000000c1e00000|100%| O|  |TAMS 0x00000000c1d00000| PB 0x00000000c1d00000| Untracked 
|  30|0x00000000c1e00000, 0x00000000c1f00000, 0x00000000c1f00000|100%| O|  |TAMS 0x00000000c1e00000| PB 0x00000000c1e00000| Untracked 
|  31|0x00000000c1f00000, 0x00000000c2000000, 0x00000000c2000000|100%| O|  |TAMS 0x00000000c1f00000| PB 0x00000000c1f00000| Untracked 
|  32|0x00000000c2000000, 0x00000000c2100000, 0x00000000c2100000|100%| O|  |TAMS 0x00000000c2000000| PB 0x00000000c2000000| Untracked 
|  33|0x00000000c2100000, 0x00000000c2200000, 0x00000000c2200000|100%| O|  |TAMS 0x00000000c2100000| PB 0x00000000c2100000| Untracked 
|  34|0x00000000c2200000, 0x00000000c2300000, 0x00000000c2300000|100%| O|Cm|TAMS 0x00000000c2200000| PB 0x00000000c2200000| Complete 
|  35|0x00000000c2300000, 0x00000000c2400000, 0x00000000c2400000|100%| O|  |TAMS 0x00000000c2300000| PB 0x00000000c2300000| Untracked 
|  36|0x00000000c2400000, 0x00000000c2500000, 0x00000000c2500000|100%| O|  |TAMS 0x00000000c2400000| PB 0x00000000c2400000| Untracked 
|  37|0x00000000c2500000, 0x00000000c2600000, 0x00000000c2600000|100%| O|  |TAMS 0x00000000c2500000| PB 0x00000000c2500000| Untracked 
|  38|0x00000000c2600000, 0x00000000c2700000, 0x00000000c2700000|100%| O|  |TAMS 0x00000000c2600000| PB 0x00000000c2600000| Untracked 
|  39|0x00000000c2700000, 0x00000000c2800000, 0x00000000c2800000|100%| O|  |TAMS 0x00000000c2700000| PB 0x00000000c2700000| Untracked 
|  40|0x00000000c2800000, 0x00000000c2900000, 0x00000000c2900000|100%| O|  |TAMS 0x00000000c2800000| PB 0x00000000c2800000| Untracked 
|  41|0x00000000c2900000, 0x00000000c2900000, 0x00000000c2a00000|  0%| F|  |TAMS 0x00000000c2900000| PB 0x00000000c2900000| Untracked 
|  42|0x00000000c2a00000, 0x00000000c2b00000, 0x00000000c2b00000|100%| O|  |TAMS 0x00000000c2a00000| PB 0x00000000c2a00000| Untracked 
|  43|0x00000000c2b00000, 0x00000000c2c00000, 0x00000000c2c00000|100%| O|Cm|TAMS 0x00000000c2b00000| PB 0x00000000c2b00000| Complete 
|  44|0x00000000c2c00000, 0x00000000c2d00000, 0x00000000c2d00000|100%| O|  |TAMS 0x00000000c2c00000| PB 0x00000000c2c00000| Untracked 
|  45|0x00000000c2d00000, 0x00000000c2e00000, 0x00000000c2e00000|100%| O|  |TAMS 0x00000000c2d00000| PB 0x00000000c2d00000| Untracked 
|  46|0x00000000c2e00000, 0x00000000c2f00000, 0x00000000c2f00000|100%| O|  |TAMS 0x00000000c2e00000| PB 0x00000000c2e00000| Untracked 
|  47|0x00000000c2f00000, 0x00000000c3000000, 0x00000000c3000000|100%| O|  |TAMS 0x00000000c2f00000| PB 0x00000000c2f00000| Untracked 
|  48|0x00000000c3000000, 0x00000000c3100000, 0x00000000c3100000|100%| O|  |TAMS 0x00000000c3000000| PB 0x00000000c3000000| Untracked 
|  49|0x00000000c3100000, 0x00000000c3200000, 0x00000000c3200000|100%| O|  |TAMS 0x00000000c3100000| PB 0x00000000c3100000| Untracked 
|  50|0x00000000c3200000, 0x00000000c3300000, 0x00000000c3300000|100%| O|  |TAMS 0x00000000c3200000| PB 0x00000000c3200000| Untracked 
|  51|0x00000000c3300000, 0x00000000c3400000, 0x00000000c3400000|100%| O|  |TAMS 0x00000000c3300000| PB 0x00000000c3300000| Untracked 
|  52|0x00000000c3400000, 0x00000000c3500000, 0x00000000c3500000|100%| O|  |TAMS 0x00000000c3400000| PB 0x00000000c3400000| Untracked 
|  53|0x00000000c3500000, 0x00000000c3600000, 0x00000000c3600000|100%| O|  |TAMS 0x00000000c3500000| PB 0x00000000c3500000| Untracked 
|  54|0x00000000c3600000, 0x00000000c3700000, 0x00000000c3700000|100%|HS|  |TAMS 0x00000000c3600000| PB 0x00000000c3600000| Complete 
|  55|0x00000000c3700000, 0x00000000c3800000, 0x00000000c3800000|100%| O|  |TAMS 0x00000000c3700000| PB 0x00000000c3700000| Untracked 
|  56|0x00000000c3800000, 0x00000000c3900000, 0x00000000c3900000|100%| O|  |TAMS 0x00000000c3800000| PB 0x00000000c3800000| Untracked 
|  57|0x00000000c3900000, 0x00000000c3a00000, 0x00000000c3a00000|100%| O|  |TAMS 0x00000000c3900000| PB 0x00000000c3900000| Untracked 
|  58|0x00000000c3a00000, 0x00000000c3aa5198, 0x00000000c3b00000| 64%| O|  |TAMS 0x00000000c3a00000| PB 0x00000000c3a00000| Untracked 
|  59|0x00000000c3b00000, 0x00000000c3c00000, 0x00000000c3c00000|100%| O|  |TAMS 0x00000000c3b00000| PB 0x00000000c3b00000| Untracked 
|  60|0x00000000c3c00000, 0x00000000c3d00000, 0x00000000c3d00000|100%| O|  |TAMS 0x00000000c3c00000| PB 0x00000000c3c00000| Untracked 
|  61|0x00000000c3d00000, 0x00000000c3e00000, 0x00000000c3e00000|100%| O|  |TAMS 0x00000000c3d00000| PB 0x00000000c3d00000| Untracked 
|  62|0x00000000c3e00000, 0x00000000c3f00000, 0x00000000c3f00000|100%| O|  |TAMS 0x00000000c3e00000| PB 0x00000000c3e00000| Untracked 
|  63|0x00000000c3f00000, 0x00000000c4000000, 0x00000000c4000000|100%| O|  |TAMS 0x00000000c3f00000| PB 0x00000000c3f00000| Untracked 
|  64|0x00000000c4000000, 0x00000000c4100000, 0x00000000c4100000|100%| O|  |TAMS 0x00000000c4000000| PB 0x00000000c4000000| Untracked 
|  65|0x00000000c4100000, 0x00000000c4200000, 0x00000000c4200000|100%| O|  |TAMS 0x00000000c4100000| PB 0x00000000c4100000| Untracked 
|  66|0x00000000c4200000, 0x00000000c4300000, 0x00000000c4300000|100%| O|  |TAMS 0x00000000c4200000| PB 0x00000000c4200000| Untracked 
|  67|0x00000000c4300000, 0x00000000c4400000, 0x00000000c4400000|100%| O|  |TAMS 0x00000000c4300000| PB 0x00000000c4300000| Untracked 
|  68|0x00000000c4400000, 0x00000000c4400000, 0x00000000c4500000|  0%| F|  |TAMS 0x00000000c4400000| PB 0x00000000c4400000| Untracked 
|  69|0x00000000c4500000, 0x00000000c4500000, 0x00000000c4600000|  0%| F|  |TAMS 0x00000000c4500000| PB 0x00000000c4500000| Untracked 
|  70|0x00000000c4600000, 0x00000000c4600000, 0x00000000c4700000|  0%| F|  |TAMS 0x00000000c4600000| PB 0x00000000c4600000| Untracked 
|  71|0x00000000c4700000, 0x00000000c4800000, 0x00000000c4800000|100%| O|  |TAMS 0x00000000c4700000| PB 0x00000000c4700000| Untracked 
|  72|0x00000000c4800000, 0x00000000c4800000, 0x00000000c4900000|  0%| F|  |TAMS 0x00000000c4800000| PB 0x00000000c4800000| Untracked 
|  73|0x00000000c4900000, 0x00000000c4900000, 0x00000000c4a00000|  0%| F|  |TAMS 0x00000000c4900000| PB 0x00000000c4900000| Untracked 
|  74|0x00000000c4a00000, 0x00000000c4b00000, 0x00000000c4b00000|100%| O|  |TAMS 0x00000000c4a00000| PB 0x00000000c4a00000| Untracked 
|  75|0x00000000c4b00000, 0x00000000c4c00000, 0x00000000c4c00000|100%| O|  |TAMS 0x00000000c4b00000| PB 0x00000000c4b00000| Untracked 
|  76|0x00000000c4c00000, 0x00000000c4d00000, 0x00000000c4d00000|100%| O|  |TAMS 0x00000000c4c00000| PB 0x00000000c4c00000| Untracked 
|  77|0x00000000c4d00000, 0x00000000c4e00000, 0x00000000c4e00000|100%| O|  |TAMS 0x00000000c4d00000| PB 0x00000000c4d00000| Untracked 
|  78|0x00000000c4e00000, 0x00000000c4f00000, 0x00000000c4f00000|100%| O|  |TAMS 0x00000000c4e00000| PB 0x00000000c4e00000| Untracked 
|  79|0x00000000c4f00000, 0x00000000c5000000, 0x00000000c5000000|100%| O|  |TAMS 0x00000000c4f00000| PB 0x00000000c4f00000| Untracked 
|  80|0x00000000c5000000, 0x00000000c5100000, 0x00000000c5100000|100%| O|  |TAMS 0x00000000c5000000| PB 0x00000000c5000000| Untracked 
|  81|0x00000000c5100000, 0x00000000c5100000, 0x00000000c5200000|  0%| F|  |TAMS 0x00000000c5100000| PB 0x00000000c5100000| Untracked 
|  82|0x00000000c5200000, 0x00000000c5200000, 0x00000000c5300000|  0%| F|  |TAMS 0x00000000c5200000| PB 0x00000000c5200000| Untracked 
|  83|0x00000000c5300000, 0x00000000c5300000, 0x00000000c5400000|  0%| F|  |TAMS 0x00000000c5300000| PB 0x00000000c5300000| Untracked 
|  84|0x00000000c5400000, 0x00000000c5400000, 0x00000000c5500000|  0%| F|  |TAMS 0x00000000c5400000| PB 0x00000000c5400000| Untracked 
|  85|0x00000000c5500000, 0x00000000c5500000, 0x00000000c5600000|  0%| F|  |TAMS 0x00000000c5500000| PB 0x00000000c5500000| Untracked 
|  86|0x00000000c5600000, 0x00000000c5600000, 0x00000000c5700000|  0%| F|  |TAMS 0x00000000c5600000| PB 0x00000000c5600000| Untracked 
|  87|0x00000000c5700000, 0x00000000c5700000, 0x00000000c5800000|  0%| F|  |TAMS 0x00000000c5700000| PB 0x00000000c5700000| Untracked 
|  88|0x00000000c5800000, 0x00000000c5900000, 0x00000000c5900000|100%| O|  |TAMS 0x00000000c5800000| PB 0x00000000c5800000| Untracked 
|  89|0x00000000c5900000, 0x00000000c5a00000, 0x00000000c5a00000|100%| O|  |TAMS 0x00000000c5900000| PB 0x00000000c5900000| Untracked 
|  90|0x00000000c5a00000, 0x00000000c5b00000, 0x00000000c5b00000|100%| O|  |TAMS 0x00000000c5a00000| PB 0x00000000c5a00000| Untracked 
|  91|0x00000000c5b00000, 0x00000000c5c00000, 0x00000000c5c00000|100%| O|  |TAMS 0x00000000c5b00000| PB 0x00000000c5b00000| Untracked 
|  92|0x00000000c5c00000, 0x00000000c5c561c0, 0x00000000c5d00000| 33%| O|  |TAMS 0x00000000c5c00000| PB 0x00000000c5c00000| Untracked 
|  93|0x00000000c5d00000, 0x00000000c5d00000, 0x00000000c5e00000|  0%| F|  |TAMS 0x00000000c5d00000| PB 0x00000000c5d00000| Untracked 
|  94|0x00000000c5e00000, 0x00000000c5e00000, 0x00000000c5f00000|  0%| F|  |TAMS 0x00000000c5e00000| PB 0x00000000c5e00000| Untracked 
|  95|0x00000000c5f00000, 0x00000000c5f00000, 0x00000000c6000000|  0%| F|  |TAMS 0x00000000c5f00000| PB 0x00000000c5f00000| Untracked 
|  96|0x00000000c6000000, 0x00000000c6100000, 0x00000000c6100000|100%| O|  |TAMS 0x00000000c6000000| PB 0x00000000c6000000| Untracked 
|  97|0x00000000c6100000, 0x00000000c6200000, 0x00000000c6200000|100%| O|  |TAMS 0x00000000c6100000| PB 0x00000000c6100000| Untracked 
|  98|0x00000000c6200000, 0x00000000c6200000, 0x00000000c6300000|  0%| F|  |TAMS 0x00000000c6200000| PB 0x00000000c6200000| Untracked 
|  99|0x00000000c6300000, 0x00000000c6300000, 0x00000000c6400000|  0%| F|  |TAMS 0x00000000c6300000| PB 0x00000000c6300000| Untracked 
| 100|0x00000000c6400000, 0x00000000c6400000, 0x00000000c6500000|  0%| F|  |TAMS 0x00000000c6400000| PB 0x00000000c6400000| Untracked 
| 101|0x00000000c6500000, 0x00000000c6500000, 0x00000000c6600000|  0%| F|  |TAMS 0x00000000c6500000| PB 0x00000000c6500000| Untracked 
| 102|0x00000000c6600000, 0x00000000c6600000, 0x00000000c6700000|  0%| F|  |TAMS 0x00000000c6600000| PB 0x00000000c6600000| Untracked 
| 103|0x00000000c6700000, 0x00000000c6700000, 0x00000000c6800000|  0%| F|  |TAMS 0x00000000c6700000| PB 0x00000000c6700000| Untracked 
| 104|0x00000000c6800000, 0x00000000c6800000, 0x00000000c6900000|  0%| F|  |TAMS 0x00000000c6800000| PB 0x00000000c6800000| Untracked 
| 105|0x00000000c6900000, 0x00000000c6900000, 0x00000000c6a00000|  0%| F|  |TAMS 0x00000000c6900000| PB 0x00000000c6900000| Untracked 
| 106|0x00000000c6a00000, 0x00000000c6a00000, 0x00000000c6b00000|  0%| F|  |TAMS 0x00000000c6a00000| PB 0x00000000c6a00000| Untracked 
| 107|0x00000000c6b00000, 0x00000000c6b00000, 0x00000000c6c00000|  0%| F|  |TAMS 0x00000000c6b00000| PB 0x00000000c6b00000| Untracked 
| 108|0x00000000c6c00000, 0x00000000c6d00000, 0x00000000c6d00000|100%| S|CS|TAMS 0x00000000c6c00000| PB 0x00000000c6c00000| Complete 
| 109|0x00000000c6d00000, 0x00000000c6e00000, 0x00000000c6e00000|100%| S|CS|TAMS 0x00000000c6d00000| PB 0x00000000c6d00000| Complete 
| 110|0x00000000c6e00000, 0x00000000c6f00000, 0x00000000c6f00000|100%| S|CS|TAMS 0x00000000c6e00000| PB 0x00000000c6e00000| Complete 
| 111|0x00000000c6f00000, 0x00000000c7000000, 0x00000000c7000000|100%| S|CS|TAMS 0x00000000c6f00000| PB 0x00000000c6f00000| Complete 
| 112|0x00000000c7000000, 0x00000000c7100000, 0x00000000c7100000|100%| S|CS|TAMS 0x00000000c7000000| PB 0x00000000c7000000| Complete 
| 113|0x00000000c7100000, 0x00000000c7200000, 0x00000000c7200000|100%| S|CS|TAMS 0x00000000c7100000| PB 0x00000000c7100000| Complete 
| 114|0x00000000c7200000, 0x00000000c7300000, 0x00000000c7300000|100%| S|CS|TAMS 0x00000000c7200000| PB 0x00000000c7200000| Complete 
| 115|0x00000000c7300000, 0x00000000c7400000, 0x00000000c7400000|100%| S|CS|TAMS 0x00000000c7300000| PB 0x00000000c7300000| Complete 
| 116|0x00000000c7400000, 0x00000000c7500000, 0x00000000c7500000|100%| S|CS|TAMS 0x00000000c7400000| PB 0x00000000c7400000| Complete 
| 117|0x00000000c7500000, 0x00000000c7500000, 0x00000000c7600000|  0%| F|  |TAMS 0x00000000c7500000| PB 0x00000000c7500000| Untracked 
| 118|0x00000000c7600000, 0x00000000c7600000, 0x00000000c7700000|  0%| F|  |TAMS 0x00000000c7600000| PB 0x00000000c7600000| Untracked 
| 119|0x00000000c7700000, 0x00000000c7700000, 0x00000000c7800000|  0%| F|  |TAMS 0x00000000c7700000| PB 0x00000000c7700000| Untracked 
| 120|0x00000000c7800000, 0x00000000c7800000, 0x00000000c7900000|  0%| F|  |TAMS 0x00000000c7800000| PB 0x00000000c7800000| Untracked 
| 121|0x00000000c7900000, 0x00000000c7900000, 0x00000000c7a00000|  0%| F|  |TAMS 0x00000000c7900000| PB 0x00000000c7900000| Untracked 
| 122|0x00000000c7a00000, 0x00000000c7a00000, 0x00000000c7b00000|  0%| F|  |TAMS 0x00000000c7a00000| PB 0x00000000c7a00000| Untracked 
| 123|0x00000000c7b00000, 0x00000000c7b00000, 0x00000000c7c00000|  0%| F|  |TAMS 0x00000000c7b00000| PB 0x00000000c7b00000| Untracked 
| 124|0x00000000c7c00000, 0x00000000c7c00000, 0x00000000c7d00000|  0%| F|  |TAMS 0x00000000c7c00000| PB 0x00000000c7c00000| Untracked 
| 125|0x00000000c7d00000, 0x00000000c7d00000, 0x00000000c7e00000|  0%| F|  |TAMS 0x00000000c7d00000| PB 0x00000000c7d00000| Untracked 
| 126|0x00000000c7e00000, 0x00000000c7e00000, 0x00000000c7f00000|  0%| F|  |TAMS 0x00000000c7e00000| PB 0x00000000c7e00000| Untracked 
| 127|0x00000000c7f00000, 0x00000000c7f00000, 0x00000000c8000000|  0%| F|  |TAMS 0x00000000c7f00000| PB 0x00000000c7f00000| Untracked 
| 128|0x00000000c8000000, 0x00000000c8000000, 0x00000000c8100000|  0%| F|  |TAMS 0x00000000c8000000| PB 0x00000000c8000000| Untracked 
| 129|0x00000000c8100000, 0x00000000c8100000, 0x00000000c8200000|  0%| F|  |TAMS 0x00000000c8100000| PB 0x00000000c8100000| Untracked 
| 130|0x00000000c8200000, 0x00000000c8200000, 0x00000000c8300000|  0%| F|  |TAMS 0x00000000c8200000| PB 0x00000000c8200000| Untracked 
| 131|0x00000000c8300000, 0x00000000c8300000, 0x00000000c8400000|  0%| F|  |TAMS 0x00000000c8300000| PB 0x00000000c8300000| Untracked 
| 132|0x00000000c8400000, 0x00000000c8400000, 0x00000000c8500000|  0%| F|  |TAMS 0x00000000c8400000| PB 0x00000000c8400000| Untracked 
| 133|0x00000000c8500000, 0x00000000c8500000, 0x00000000c8600000|  0%| F|  |TAMS 0x00000000c8500000| PB 0x00000000c8500000| Untracked 
| 134|0x00000000c8600000, 0x00000000c8600000, 0x00000000c8700000|  0%| F|  |TAMS 0x00000000c8600000| PB 0x00000000c8600000| Untracked 
| 135|0x00000000c8700000, 0x00000000c8700000, 0x00000000c8800000|  0%| F|  |TAMS 0x00000000c8700000| PB 0x00000000c8700000| Untracked 
| 136|0x00000000c8800000, 0x00000000c8800000, 0x00000000c8900000|  0%| F|  |TAMS 0x00000000c8800000| PB 0x00000000c8800000| Untracked 
| 137|0x00000000c8900000, 0x00000000c8900000, 0x00000000c8a00000|  0%| F|  |TAMS 0x00000000c8900000| PB 0x00000000c8900000| Untracked 
| 138|0x00000000c8a00000, 0x00000000c8a00000, 0x00000000c8b00000|  0%| F|  |TAMS 0x00000000c8a00000| PB 0x00000000c8a00000| Untracked 
| 139|0x00000000c8b00000, 0x00000000c8b00000, 0x00000000c8c00000|  0%| F|  |TAMS 0x00000000c8b00000| PB 0x00000000c8b00000| Untracked 
| 140|0x00000000c8c00000, 0x00000000c8c00000, 0x00000000c8d00000|  0%| F|  |TAMS 0x00000000c8c00000| PB 0x00000000c8c00000| Untracked 
| 141|0x00000000c8d00000, 0x00000000c8d00000, 0x00000000c8e00000|  0%| F|  |TAMS 0x00000000c8d00000| PB 0x00000000c8d00000| Untracked 
| 142|0x00000000c8e00000, 0x00000000c8e00000, 0x00000000c8f00000|  0%| F|  |TAMS 0x00000000c8e00000| PB 0x00000000c8e00000| Untracked 
| 143|0x00000000c8f00000, 0x00000000c8f00000, 0x00000000c9000000|  0%| F|  |TAMS 0x00000000c8f00000| PB 0x00000000c8f00000| Untracked 
| 144|0x00000000c9000000, 0x00000000c9000000, 0x00000000c9100000|  0%| F|  |TAMS 0x00000000c9000000| PB 0x00000000c9000000| Untracked 
| 145|0x00000000c9100000, 0x00000000c9100000, 0x00000000c9200000|  0%| F|  |TAMS 0x00000000c9100000| PB 0x00000000c9100000| Untracked 
| 146|0x00000000c9200000, 0x00000000c9200000, 0x00000000c9300000|  0%| F|  |TAMS 0x00000000c9200000| PB 0x00000000c9200000| Untracked 
| 147|0x00000000c9300000, 0x00000000c9300000, 0x00000000c9400000|  0%| F|  |TAMS 0x00000000c9300000| PB 0x00000000c9300000| Untracked 
| 148|0x00000000c9400000, 0x00000000c9400000, 0x00000000c9500000|  0%| F|  |TAMS 0x00000000c9400000| PB 0x00000000c9400000| Untracked 
| 149|0x00000000c9500000, 0x00000000c9500000, 0x00000000c9600000|  0%| F|  |TAMS 0x00000000c9500000| PB 0x00000000c9500000| Untracked 
| 150|0x00000000c9600000, 0x00000000c9600000, 0x00000000c9700000|  0%| F|  |TAMS 0x00000000c9600000| PB 0x00000000c9600000| Untracked 
| 151|0x00000000c9700000, 0x00000000c9700000, 0x00000000c9800000|  0%| F|  |TAMS 0x00000000c9700000| PB 0x00000000c9700000| Untracked 
| 152|0x00000000c9800000, 0x00000000c9800000, 0x00000000c9900000|  0%| F|  |TAMS 0x00000000c9800000| PB 0x00000000c9800000| Untracked 
| 153|0x00000000c9900000, 0x00000000c9900000, 0x00000000c9a00000|  0%| F|  |TAMS 0x00000000c9900000| PB 0x00000000c9900000| Untracked 
| 154|0x00000000c9a00000, 0x00000000c9a00000, 0x00000000c9b00000|  0%| F|  |TAMS 0x00000000c9a00000| PB 0x00000000c9a00000| Untracked 
| 155|0x00000000c9b00000, 0x00000000c9b00000, 0x00000000c9c00000|  0%| F|  |TAMS 0x00000000c9b00000| PB 0x00000000c9b00000| Untracked 
| 156|0x00000000c9c00000, 0x00000000c9c00000, 0x00000000c9d00000|  0%| F|  |TAMS 0x00000000c9c00000| PB 0x00000000c9c00000| Untracked 
| 157|0x00000000c9d00000, 0x00000000c9d00000, 0x00000000c9e00000|  0%| F|  |TAMS 0x00000000c9d00000| PB 0x00000000c9d00000| Untracked 
| 158|0x00000000c9e00000, 0x00000000c9e00000, 0x00000000c9f00000|  0%| F|  |TAMS 0x00000000c9e00000| PB 0x00000000c9e00000| Untracked 
| 159|0x00000000c9f00000, 0x00000000c9f00000, 0x00000000ca000000|  0%| F|  |TAMS 0x00000000c9f00000| PB 0x00000000c9f00000| Untracked 
| 160|0x00000000ca000000, 0x00000000ca000000, 0x00000000ca100000|  0%| F|  |TAMS 0x00000000ca000000| PB 0x00000000ca000000| Untracked 
| 161|0x00000000ca100000, 0x00000000ca100000, 0x00000000ca200000|  0%| F|  |TAMS 0x00000000ca100000| PB 0x00000000ca100000| Untracked 
| 162|0x00000000ca200000, 0x00000000ca280000, 0x00000000ca300000| 50%| E|  |TAMS 0x00000000ca200000| PB 0x00000000ca200000| Complete 
| 163|0x00000000ca300000, 0x00000000ca400000, 0x00000000ca400000|100%| E|CS|TAMS 0x00000000ca300000| PB 0x00000000ca300000| Complete 
| 164|0x00000000ca400000, 0x00000000ca500000, 0x00000000ca500000|100%| E|CS|TAMS 0x00000000ca400000| PB 0x00000000ca400000| Complete 
| 165|0x00000000ca500000, 0x00000000ca600000, 0x00000000ca600000|100%| E|CS|TAMS 0x00000000ca500000| PB 0x00000000ca500000| Complete 
| 166|0x00000000ca600000, 0x00000000ca700000, 0x00000000ca700000|100%| E|CS|TAMS 0x00000000ca600000| PB 0x00000000ca600000| Complete 
| 167|0x00000000ca700000, 0x00000000ca800000, 0x00000000ca800000|100%| E|CS|TAMS 0x00000000ca700000| PB 0x00000000ca700000| Complete 
| 168|0x00000000ca800000, 0x00000000ca900000, 0x00000000ca900000|100%| E|CS|TAMS 0x00000000ca800000| PB 0x00000000ca800000| Complete 
| 169|0x00000000ca900000, 0x00000000caa00000, 0x00000000caa00000|100%| E|CS|TAMS 0x00000000ca900000| PB 0x00000000ca900000| Complete 
| 170|0x00000000caa00000, 0x00000000cab00000, 0x00000000cab00000|100%| E|CS|TAMS 0x00000000caa00000| PB 0x00000000caa00000| Complete 
| 171|0x00000000cab00000, 0x00000000cac00000, 0x00000000cac00000|100%| E|CS|TAMS 0x00000000cab00000| PB 0x00000000cab00000| Complete 
| 172|0x00000000cac00000, 0x00000000cad00000, 0x00000000cad00000|100%| E|CS|TAMS 0x00000000cac00000| PB 0x00000000cac00000| Complete 
|1023|0x00000000fff00000, 0x0000000100000000, 0x0000000100000000|100%| E|CS|TAMS 0x00000000fff00000| PB 0x00000000fff00000| Complete 

Card table byte_map: [0x000002052b8a0000,0x000002052baa0000] _byte_map_base: 0x000002052b2a0000

Marking Bits: (CMBitMap*) 0x0000020513e23f20
 Bits: [0x000002052baa0000, 0x000002052caa0000)

Polling page: 0x0000020513590000

Metaspace:

Usage:
  Non-class:     76.03 MB used.
      Class:     10.90 MB used.
       Both:     86.93 MB used.

Virtual space:
  Non-class space:      128.00 MB reserved,      76.81 MB ( 60%) committed,  2 nodes.
      Class space:      320.00 MB reserved,      11.62 MB (  4%) committed,  1 nodes.
             Both:      448.00 MB reserved,      88.44 MB ( 20%) committed. 

Chunk freelists:
   Non-Class:  2.61 MB
       Class:  4.31 MB
        Both:  6.92 MB

MaxMetaspaceSize: 384.00 MB
CompressedClassSpaceSize: 320.00 MB
Initial GC threshold: 21.00 MB
Current GC threshold: 124.38 MB
CDS: on
 - commit_granule_bytes: 65536.
 - commit_granule_words: 8192.
 - virtual_space_node_default_size: 8388608.
 - enlarge_chunks_in_place: 1.
 - use_allocation_guard: 0.


Internal statistics:

num_allocs_failed_limit: 3.
num_arena_births: 2700.
num_arena_deaths: 0.
num_vsnodes_births: 3.
num_vsnodes_deaths: 0.
num_space_committed: 1415.
num_space_uncommitted: 0.
num_chunks_returned_to_freelist: 3.
num_chunks_taken_from_freelist: 6225.
num_chunk_merges: 3.
num_chunk_splits: 4468.
num_chunks_enlarged: 3290.
num_inconsistent_stats: 0.

CodeHeap 'non-profiled nmethods': size=120000Kb used=6964Kb max_used=6964Kb free=113035Kb
 bounds [0x0000020523d30000, 0x0000020524400000, 0x000002052b260000]
CodeHeap 'profiled nmethods': size=120000Kb used=15398Kb max_used=15398Kb free=104601Kb
 bounds [0x000002051c260000, 0x000002051d170000, 0x0000020523790000]
CodeHeap 'non-nmethods': size=5760Kb used=2250Kb max_used=2250Kb free=3509Kb
 bounds [0x0000020523790000, 0x0000020523a00000, 0x0000020523d30000]
 total_blobs=8554 nmethods=7613 adapters=845
 compilation: enabled
              stopped_count=0, restarted_count=0
 full_count=0

Compilation events (20 events):
Event: 265.315 Thread 0x000002052f672c70 10048       3       java.lang.String::lastIndexOf (104 bytes)
Event: 265.318 Thread 0x000002052f672c70 nmethod 10048 0x000002051d163910 code [0x000002051d163b40, 0x000002051d164090]
Event: 265.322 Thread 0x000002052f64fa40 nmethod 10045 0x00000205243f9310 code [0x00000205243f9700, 0x00000205243fa8f8]
Event: 265.323 Thread 0x000002052f64fa40 10044       4       org.jetbrains.kotlin.metadata.ProtoBuf$Annotation::isInitialized (73 bytes)
Event: 265.323 Thread 0x000002052f672c70 10049       3       jdk.internal.loader.URLClassPath::findResource (38 bytes)
Event: 265.326 Thread 0x000002052f672c70 nmethod 10049 0x000002051d164290 code [0x000002051d164460, 0x000002051d1647a8]
Event: 265.342 Thread 0x000002052f672c70 10051       2       org.jetbrains.kotlin.metadata.ProtoBuf$Class::getCompilerPluginDataCount (10 bytes)
Event: 265.344 Thread 0x000002052f672c70 nmethod 10051 0x000002051d164910 code [0x000002051d164ac0, 0x000002051d164bf8]
Event: 265.356 Thread 0x000002052f64fa40 nmethod 10044 0x00000205243fba10 code [0x00000205243fbca0, 0x00000205243fc500]
Event: 265.357 Thread 0x000002052f64fa40 10052   !   4       org.jetbrains.kotlin.metadata.ProtoBuf$Class::<init> (2570 bytes)
Event: 265.358 Thread 0x000002052f672c70 10053       3       org.jetbrains.kotlin.metadata.deserialization.NameResolverImpl::isLocalClassName (15 bytes)
Event: 265.360 Thread 0x000002052f672c70 nmethod 10053 0x000002051d164c90 code [0x000002051d164e40, 0x000002051d1650b0]
Event: 265.814 Thread 0x000002052f672c70 10054       3       org.jetbrains.kotlin.protobuf.CodedOutputStream::writeRawByte (7 bytes)
Event: 265.815 Thread 0x000002052f672c70 nmethod 10054 0x000002051d165190 code [0x000002051d165340, 0x000002051d165480]
Event: 265.816 Thread 0x000002052f672c70 10055       3       org.jetbrains.kotlin.protobuf.CodedOutputStream::writeRawByte (43 bytes)
Event: 265.817 Thread 0x000002052f672c70 nmethod 10055 0x000002051d165510 code [0x000002051d1656c0, 0x000002051d165890]
Event: 265.817 Thread 0x000002052f672c70 10056       1       org.jetbrains.kotlin.metadata.ProtoBuf$Function::getContextReceiverTypeIdList (5 bytes)
Event: 265.818 Thread 0x000002052f672c70 nmethod 10056 0x00000205243fcd90 code [0x00000205243fcf20, 0x00000205243fcfe8]
Event: 266.019 Thread 0x000002052f672c70 10057   !   3       org.gradle.launcher.daemon.server.health.gc.GarbageCollectionCheck::run (213 bytes)
Event: 266.045 Thread 0x000002052f672c70 nmethod 10057 0x000002051d165990 code [0x000002051d165e40, 0x000002051d1680d8]

GC Heap History (20 events):
Event: 170.708 GC heap before
{Heap before GC invocations=145 (full 0):
 garbage-first heap   total 215040K, used 200981K [0x00000000c0000000, 0x0000000100000000)
  region size 1024K, 113 young (115712K), 2 survivors (2048K)
 Metaspace       used 42833K, committed 44288K, reserved 393216K
  class space    used 5677K, committed 6400K, reserved 327680K
}
Event: 170.725 GC heap after
{Heap after GC invocations=146 (full 0):
 garbage-first heap   total 215040K, used 70986K [0x00000000c0000000, 0x0000000100000000)
  region size 1024K, 3 young (3072K), 3 survivors (3072K)
 Metaspace       used 42833K, committed 44288K, reserved 393216K
  class space    used 5677K, committed 6400K, reserved 327680K
}
Event: 173.988 GC heap before
{Heap before GC invocations=146 (full 0):
 garbage-first heap   total 215040K, used 145738K [0x00000000c0000000, 0x0000000100000000)
  region size 1024K, 77 young (78848K), 3 survivors (3072K)
 Metaspace       used 42886K, committed 44352K, reserved 393216K
  class space    used 5677K, committed 6400K, reserved 327680K
}
Event: 174.003 GC heap after
{Heap after GC invocations=147 (full 0):
 garbage-first heap   total 215040K, used 69595K [0x00000000c0000000, 0x0000000100000000)
  region size 1024K, 1 young (1024K), 1 survivors (1024K)
 Metaspace       used 42886K, committed 44352K, reserved 393216K
  class space    used 5677K, committed 6400K, reserved 327680K
}
Event: 177.788 GC heap before
{Heap before GC invocations=148 (full 0):
 garbage-first heap   total 215040K, used 190427K [0x00000000c0000000, 0x0000000100000000)
  region size 1024K, 126 young (129024K), 1 survivors (1024K)
 Metaspace       used 42902K, committed 44352K, reserved 393216K
  class space    used 5677K, committed 6400K, reserved 327680K
}
Event: 177.797 GC heap after
{Heap after GC invocations=149 (full 0):
 garbage-first heap   total 215040K, used 61610K [0x00000000c0000000, 0x0000000100000000)
  region size 1024K, 2 young (2048K), 2 survivors (2048K)
 Metaspace       used 42902K, committed 44352K, reserved 393216K
  class space    used 5677K, committed 6400K, reserved 327680K
}
Event: 179.940 GC heap before
{Heap before GC invocations=149 (full 0):
 garbage-first heap   total 215040K, used 188586K [0x00000000c0000000, 0x0000000100000000)
  region size 1024K, 126 young (129024K), 2 survivors (2048K)
 Metaspace       used 42926K, committed 44352K, reserved 393216K
  class space    used 5677K, committed 6400K, reserved 327680K
}
Event: 179.958 GC heap after
{Heap after GC invocations=150 (full 0):
 garbage-first heap   total 215040K, used 43909K [0x00000000c0000000, 0x0000000100000000)
  region size 1024K, 2 young (2048K), 2 survivors (2048K)
 Metaspace       used 42926K, committed 44352K, reserved 393216K
  class space    used 5677K, committed 6400K, reserved 327680K
}
Event: 190.212 GC heap before
{Heap before GC invocations=150 (full 0):
 garbage-first heap   total 215040K, used 126853K [0x00000000c0000000, 0x0000000100000000)
  region size 1024K, 77 young (78848K), 2 survivors (2048K)
 Metaspace       used 47199K, committed 48640K, reserved 393216K
  class space    used 6683K, committed 7424K, reserved 327680K
}
Event: 190.226 GC heap after
{Heap after GC invocations=151 (full 0):
 garbage-first heap   total 215040K, used 50779K [0x00000000c0000000, 0x0000000100000000)
  region size 1024K, 1 young (1024K), 1 survivors (1024K)
 Metaspace       used 47199K, committed 48640K, reserved 393216K
  class space    used 6683K, committed 7424K, reserved 327680K
}
Event: 208.480 GC heap before
{Heap before GC invocations=152 (full 0):
 garbage-first heap   total 178176K, used 158299K [0x00000000c0000000, 0x0000000100000000)
  region size 1024K, 104 young (106496K), 1 survivors (1024K)
 Metaspace       used 55597K, committed 57152K, reserved 393216K
  class space    used 7668K, committed 8448K, reserved 327680K
}
Event: 208.541 GC heap after
{Heap after GC invocations=153 (full 0):
 garbage-first heap   total 178176K, used 44970K [0x00000000c0000000, 0x0000000100000000)
  region size 1024K, 3 young (3072K), 3 survivors (3072K)
 Metaspace       used 55597K, committed 57152K, reserved 393216K
  class space    used 7668K, committed 8448K, reserved 327680K
}
Event: 239.214 GC heap before
{Heap before GC invocations=153 (full 0):
 garbage-first heap   total 178176K, used 148394K [0x00000000c0000000, 0x0000000100000000)
  region size 1024K, 104 young (106496K), 3 survivors (3072K)
 Metaspace       used 63899K, committed 65472K, reserved 393216K
  class space    used 8551K, committed 9344K, reserved 327680K
}
Event: 239.558 GC heap after
{Heap after GC invocations=154 (full 0):
 garbage-first heap   total 178176K, used 61019K [0x00000000c0000000, 0x0000000100000000)
  region size 1024K, 13 young (13312K), 13 survivors (13312K)
 Metaspace       used 63899K, committed 65472K, reserved 393216K
  class space    used 8551K, committed 9344K, reserved 327680K
}
Event: 249.122 GC heap before
{Heap before GC invocations=154 (full 0):
 garbage-first heap   total 178176K, used 153179K [0x00000000c0000000, 0x0000000100000000)
  region size 1024K, 104 young (106496K), 13 survivors (13312K)
 Metaspace       used 74797K, committed 76416K, reserved 458752K
  class space    used 9605K, committed 10368K, reserved 327680K
}
Event: 249.281 GC heap after
{Heap after GC invocations=155 (full 0):
 garbage-first heap   total 178176K, used 68750K [0x00000000c0000000, 0x0000000100000000)
  region size 1024K, 7 young (7168K), 7 survivors (7168K)
 Metaspace       used 74797K, committed 76416K, reserved 458752K
  class space    used 9605K, committed 10368K, reserved 327680K
}
Event: 257.602 GC heap before
{Heap before GC invocations=156 (full 0):
 garbage-first heap   total 178176K, used 154766K [0x00000000c0000000, 0x0000000100000000)
  region size 1024K, 91 young (93184K), 7 survivors (7168K)
 Metaspace       used 81841K, committed 83392K, reserved 458752K
  class space    used 10492K, committed 11264K, reserved 327680K
}
Event: 257.690 GC heap after
{Heap after GC invocations=157 (full 0):
 garbage-first heap   total 178176K, used 82860K [0x00000000c0000000, 0x0000000100000000)
  region size 1024K, 12 young (12288K), 12 survivors (12288K)
 Metaspace       used 81841K, committed 83392K, reserved 458752K
  class space    used 10492K, committed 11264K, reserved 327680K
}
Event: 265.874 GC heap before
{Heap before GC invocations=157 (full 0):
 garbage-first heap   total 178176K, used 141228K [0x00000000c0000000, 0x0000000100000000)
  region size 1024K, 69 young (70656K), 12 survivors (12288K)
 Metaspace       used 87164K, committed 88768K, reserved 458752K
  class space    used 11025K, committed 11776K, reserved 327680K
}
Event: 266.014 GC heap after
{Heap after GC invocations=158 (full 0):
 garbage-first heap   total 178176K, used 92140K [0x00000000c0000000, 0x0000000100000000)
  region size 1024K, 9 young (9216K), 9 survivors (9216K)
 Metaspace       used 87164K, committed 88768K, reserved 458752K
  class space    used 11025K, committed 11776K, reserved 327680K
}

Dll operation events (15 events):
Event: 0.059 Loaded shared library C:\Program Files\Java\jdk-21_windows-x64_bin\jdk-21.0.8\bin\java.dll
Event: 0.348 Loaded shared library C:\Program Files\Java\jdk-21_windows-x64_bin\jdk-21.0.8\bin\jsvml.dll
Event: 0.854 Loaded shared library C:\Program Files\Java\jdk-21_windows-x64_bin\jdk-21.0.8\bin\zip.dll
Event: 0.880 Loaded shared library C:\Program Files\Java\jdk-21_windows-x64_bin\jdk-21.0.8\bin\instrument.dll
Event: 0.908 Loaded shared library C:\Program Files\Java\jdk-21_windows-x64_bin\jdk-21.0.8\bin\net.dll
Event: 0.915 Loaded shared library C:\Program Files\Java\jdk-21_windows-x64_bin\jdk-21.0.8\bin\nio.dll
Event: 0.935 Loaded shared library C:\Program Files\Java\jdk-21_windows-x64_bin\jdk-21.0.8\bin\zip.dll
Event: 2.178 Loaded shared library C:\Program Files\Java\jdk-21_windows-x64_bin\jdk-21.0.8\bin\jimage.dll
Event: 3.671 Loaded shared library C:\Program Files\Java\jdk-21_windows-x64_bin\jdk-21.0.8\bin\verify.dll
Event: 3.848 Loaded shared library C:\Users\akard\AppData\Local\Temp\cursor-sandbox-cache\49dc35cb4c8d8a83ccabbb20113ffa12\gradle\native\660c5614fbf4a5f2a75b1949f50a0caf5cd603558e7d8a26e50b933a0cfb79d1\windows-amd64\native-platform.dll
Event: 4.301 Loaded shared library C:\Users\akard\AppData\Local\Temp\cursor-sandbox-cache\49dc35cb4c8d8a83ccabbb20113ffa12\gradle\native\0.2.8\x86_64-windows-gnu\gradle-fileevents.dll
Event: 9.702 Loaded shared library C:\Program Files\Java\jdk-21_windows-x64_bin\jdk-21.0.8\bin\management.dll
Event: 9.713 Loaded shared library C:\Program Files\Java\jdk-21_windows-x64_bin\jdk-21.0.8\bin\management_ext.dll
Event: 10.617 Loaded shared library C:\Program Files\Java\jdk-21_windows-x64_bin\jdk-21.0.8\bin\extnet.dll
Event: 11.914 Loaded shared library C:\Program Files\Java\jdk-21_windows-x64_bin\jdk-21.0.8\bin\sunmscapi.dll

Deoptimization events (20 events):
Event: 265.809 Thread 0x000002054a7c9a20 Uncommon trap: trap_request=0xffffffde fr.pc=0x0000020523f63a54 relative=0x0000000000000214
Event: 265.809 Thread 0x000002054a7c9a20 Uncommon trap: reason=class_check action=maybe_recompile pc=0x0000020523f63a54 method=org.jetbrains.kotlin.protobuf.CodedOutputStream.refreshBuffer()V @ 28 c2
Event: 265.809 Thread 0x000002054a7c9a20 DEOPT PACKING pc=0x0000020523f63a54 sp=0x000000e03faf4c50
Event: 265.809 Thread 0x000002054a7c9a20 DEOPT UNPACKING pc=0x00000205237e46a2 sp=0x000000e03faf4bb8 mode 2
Event: 265.810 Thread 0x000002054a7c9a20 Uncommon trap: trap_request=0xffffffde fr.pc=0x0000020523f63a54 relative=0x0000000000000214
Event: 265.811 Thread 0x000002054a7c9a20 Uncommon trap: reason=class_check action=maybe_recompile pc=0x0000020523f63a54 method=org.jetbrains.kotlin.protobuf.CodedOutputStream.refreshBuffer()V @ 28 c2
Event: 265.811 Thread 0x000002054a7c9a20 DEOPT PACKING pc=0x0000020523f63a54 sp=0x000000e03faf4c50
Event: 265.811 Thread 0x000002054a7c9a20 DEOPT UNPACKING pc=0x00000205237e46a2 sp=0x000000e03faf4bb8 mode 2
Event: 265.811 Thread 0x000002054a7c9a20 Uncommon trap: trap_request=0xffffffde fr.pc=0x0000020523f63a54 relative=0x0000000000000214
Event: 265.811 Thread 0x000002054a7c9a20 Uncommon trap: reason=class_check action=maybe_recompile pc=0x0000020523f63a54 method=org.jetbrains.kotlin.protobuf.CodedOutputStream.refreshBuffer()V @ 28 c2
Event: 265.811 Thread 0x000002054a7c9a20 DEOPT PACKING pc=0x0000020523f63a54 sp=0x000000e03faf4c50
Event: 265.811 Thread 0x000002054a7c9a20 DEOPT UNPACKING pc=0x00000205237e46a2 sp=0x000000e03faf4bb8 mode 2
Event: 265.811 Thread 0x000002054a7c9a20 Uncommon trap: trap_request=0xffffffde fr.pc=0x0000020523f63a54 relative=0x0000000000000214
Event: 265.811 Thread 0x000002054a7c9a20 Uncommon trap: reason=class_check action=maybe_recompile pc=0x0000020523f63a54 method=org.jetbrains.kotlin.protobuf.CodedOutputStream.refreshBuffer()V @ 28 c2
Event: 265.811 Thread 0x000002054a7c9a20 DEOPT PACKING pc=0x0000020523f63a54 sp=0x000000e03faf4c50
Event: 265.811 Thread 0x000002054a7c9a20 DEOPT UNPACKING pc=0x00000205237e46a2 sp=0x000000e03faf4bb8 mode 2
Event: 265.811 Thread 0x000002054a7c9a20 Uncommon trap: trap_request=0xffffffde fr.pc=0x00000205241d6cd4 relative=0x0000000000000214
Event: 265.811 Thread 0x000002054a7c9a20 Uncommon trap: reason=class_check action=maybe_recompile pc=0x00000205241d6cd4 method=org.jetbrains.kotlin.protobuf.CodedOutputStream.refreshBuffer()V @ 28 c2
Event: 265.811 Thread 0x000002054a7c9a20 DEOPT PACKING pc=0x00000205241d6cd4 sp=0x000000e03faf4bf0
Event: 265.811 Thread 0x000002054a7c9a20 DEOPT UNPACKING pc=0x00000205237e46a2 sp=0x000000e03faf4bb8 mode 2

Classes loaded (20 events):
Event: 250.559 Loading class java/util/ArrayList$ListItr
Event: 250.565 Loading class java/util/ArrayList$ListItr done
Event: 255.212 Loading class java/util/function/IntUnaryOperator
Event: 255.213 Loading class java/util/function/IntUnaryOperator done
Event: 255.634 Loading class java/util/AbstractList$SubList
Event: 255.636 Loading class java/util/AbstractList$SubList done
Event: 255.638 Loading class java/util/AbstractList$SubList$1
Event: 255.638 Loading class java/util/AbstractList$SubList$1 done
Event: 256.005 Loading class java/util/EnumMap$EntrySet
Event: 256.005 Loading class java/util/EnumMap$EntrySet done
Event: 256.006 Loading class java/util/EnumMap$EntryIterator
Event: 256.008 Loading class java/util/EnumMap$EnumMapIterator
Event: 256.008 Loading class java/util/EnumMap$EnumMapIterator done
Event: 256.008 Loading class java/util/EnumMap$EntryIterator done
Event: 256.008 Loading class java/util/EnumMap$EntryIterator$Entry
Event: 256.009 Loading class java/util/EnumMap$EntryIterator$Entry done
Event: 258.516 Loading class java/util/ArrayList$SubList$1
Event: 258.517 Loading class java/util/ArrayList$SubList$1 done
Event: 258.662 Loading class java/util/AbstractList$RandomAccessSubList
Event: 258.663 Loading class java/util/AbstractList$RandomAccessSubList done

Classes unloaded (0 events):
No events

Classes redefined (0 events):
No events

Internal exceptions (20 events):
Event: 219.753 Thread 0x000002054a7c9a20 Exception <a 'java/lang/NoSuchMethodError'{0x00000000c8f653e8}: 'java.lang.Object java.lang.invoke.DirectMethodHandle$Holder.newInvokeSpecial(java.lang.Object, java.lang.Object, java.lang.Object, long)'> (0x00000000c8f653e8) 
thrown [s\open\src\hotspot\share\interpreter\linkResolver.cpp, line 773]
Event: 219.763 Thread 0x000002054a7c9a20 Exception <a 'java/lang/NoSuchMethodError'{0x00000000c8f6a458}: 'java.lang.Object java.lang.invoke.Invokers$Holder.linkToTargetMethod(java.lang.Object, java.lang.Object, long, java.lang.Object)'> (0x00000000c8f6a458) 
thrown [s\open\src\hotspot\share\interpreter\linkResolver.cpp, line 773]
Event: 223.525 Thread 0x000002054a7c9a20 Implicit null exception at 0x000002052436ce67 to 0x000002052436d260
Event: 225.242 Thread 0x000002054a7c9a20 Implicit null exception at 0x000002052437964a to 0x0000020524379d98
Event: 247.290 Thread 0x000002054a7c9a20 Exception <a 'java/lang/NoSuchMethodError'{0x00000000c69dc460}: 'java.lang.Object java.lang.invoke.DirectMethodHandle$Holder.newInvokeSpecial(java.lang.Object, java.lang.Object, java.lang.Object, int, java.lang.Object)'> (0x00000000c69dc460) 
thrown [s\open\src\hotspot\share\interpreter\linkResolver.cpp, line 773]
Event: 247.303 Thread 0x000002054a7c9a20 Exception <a 'java/lang/NoSuchMethodError'{0x00000000c69e1be0}: 'java.lang.Object java.lang.invoke.DirectMethodHandle$Holder.invokeSpecial(java.lang.Object, java.lang.Object, java.lang.Object, java.lang.Object, int, java.lang.Object)'> (0x00000000c69e1be0) 
thrown [s\open\src\hotspot\share\interpreter\linkResolver.cpp, line 773]
Event: 247.310 Thread 0x000002054a7c9a20 Exception <a 'java/lang/NoSuchMethodError'{0x00000000c69e6938}: 'java.lang.Object java.lang.invoke.Invokers$Holder.linkToTargetMethod(java.lang.Object, java.lang.Object, int, java.lang.Object, java.lang.Object)'> (0x00000000c69e6938) 
thrown [s\open\src\hotspot\share\interpreter\linkResolver.cpp, line 773]
Event: 247.615 Thread 0x000002054a7c9a20 Exception <a 'java/lang/NoSuchMethodError'{0x00000000c665ebf8}: 'java.lang.Object java.lang.invoke.DirectMethodHandle$Holder.newInvokeSpecial(java.lang.Object, java.lang.Object, java.lang.Object, java.lang.Object, int)'> (0x00000000c665ebf8) 
thrown [s\open\src\hotspot\share\interpreter\linkResolver.cpp, line 773]
Event: 247.618 Thread 0x000002054a7c9a20 Exception <a 'java/lang/NoSuchMethodError'{0x00000000c6664378}: 'java.lang.Object java.lang.invoke.DirectMethodHandle$Holder.invokeSpecial(java.lang.Object, java.lang.Object, java.lang.Object, java.lang.Object, java.lang.Object, int)'> (0x00000000c6664378) 
thrown [s\open\src\hotspot\share\interpreter\linkResolver.cpp, line 773]
Event: 247.621 Thread 0x000002054a7c9a20 Exception <a 'java/lang/NoSuchMethodError'{0x00000000c66693b8}: 'java.lang.Object java.lang.invoke.Invokers$Holder.linkToTargetMethod(java.lang.Object, java.lang.Object, java.lang.Object, int, java.lang.Object)'> (0x00000000c66693b8) 
thrown [s\open\src\hotspot\share\interpreter\linkResolver.cpp, line 773]
Event: 252.220 Thread 0x000002054a7c9a20 Implicit null exception at 0x0000020523f141fc to 0x0000020523f142b4
Event: 255.601 Thread 0x000002054a7c9a20 Exception <a 'java/lang/NoSuchMethodError'{0x00000000c77526d8}: 'java.lang.Object java.lang.invoke.Invokers$Holder.invokeExact_MT(java.lang.Object, java.lang.Object, long, java.lang.Object)'> (0x00000000c77526d8) 
thrown [s\open\src\hotspot\share\interpreter\linkResolver.cpp, line 773]
Event: 256.040 Thread 0x000002054a7c9a20 Exception <a 'java/lang/NoSuchMethodError'{0x00000000c732a3a8}: 'java.lang.Object java.lang.invoke.DirectMethodHandle$Holder.newInvokeSpecial(java.lang.Object, java.lang.Object, java.lang.Object, int)'> (0x00000000c732a3a8) 
thrown [s\open\src\hotspot\share\interpreter\linkResolver.cpp, line 773]
Event: 256.042 Thread 0x000002054a7c9a20 Exception <a 'java/lang/NoSuchMethodError'{0x00000000c732fe80}: 'java.lang.Object java.lang.invoke.DirectMethodHandle$Holder.invokeSpecial(java.lang.Object, java.lang.Object, java.lang.Object, java.lang.Object, int)'> (0x00000000c732fe80) 
thrown [s\open\src\hotspot\share\interpreter\linkResolver.cpp, line 773]
Event: 256.044 Thread 0x000002054a7c9a20 Exception <a 'java/lang/NoSuchMethodError'{0x00000000c7335038}: 'java.lang.Object java.lang.invoke.Invokers$Holder.linkToTargetMethod(java.lang.Object, java.lang.Object, int, java.lang.Object)'> (0x00000000c7335038) 
thrown [s\open\src\hotspot\share\interpreter\linkResolver.cpp, line 773]
Event: 256.860 Thread 0x000002054a7c9a20 Exception <a 'java/lang/NoSuchMethodError'{0x00000000c6d750a0}: 'java.lang.Object java.lang.invoke.DirectMethodHandle$Holder.invokeStaticInit(java.lang.Object, java.lang.Object, java.lang.Object, java.lang.Object)'> (0x00000000c6d750a0) 
thrown [s\open\src\hotspot\share\interpreter\linkResolver.cpp, line 773]
Event: 257.035 Thread 0x000002054a7c9a20 Exception <a 'java/lang/NoSuchMethodError'{0x00000000c6ce9148}: 'java.lang.Object java.lang.invoke.DirectMethodHandle$Holder.invokeStaticInit(java.lang.Object, java.lang.Object, java.lang.Object, java.lang.Object, java.lang.Object)'> (0x00000000c6ce9148) 
thrown [s\open\src\hotspot\share\interpreter\linkResolver.cpp, line 773]
Event: 257.078 Thread 0x000002054a7c9a20 Exception <a 'java/lang/NoSuchMethodError'{0x00000000c6b3e9f0}: 'java.lang.Object java.lang.invoke.DirectMethodHandle$Holder.newInvokeSpecial(java.lang.Object, int, java.lang.Object)'> (0x00000000c6b3e9f0) 
thrown [s\open\src\hotspot\share\interpreter\linkResolver.cpp, line 773]
Event: 258.325 Thread 0x000002054a7c9a20 Exception <a 'java/lang/NoSuchMethodError'{0x00000000ca14db60}: 'java.lang.Object java.lang.invoke.DirectMethodHandle$Holder.invokeSpecial(java.lang.Object, java.lang.Object, int, java.lang.Object, java.lang.Object)'> (0x00000000ca14db60) 
thrown [s\open\src\hotspot\share\interpreter\linkResolver.cpp, line 773]
Event: 262.301 Thread 0x000002054a7c9a20 Exception <a 'java/lang/NoSuchMethodError'{0x00000000c9584308}: 'java.lang.Object java.lang.invoke.DirectMethodHandle$Holder.invokeStatic(java.lang.Object, int, java.lang.Object, java.lang.Object)'> (0x00000000c9584308) 
thrown [s\open\src\hotspot\share\interpreter\linkResolver.cpp, line 773]

ZGC Phase Switch (0 events):
No events

VM Operations (20 events):
Event: 257.602 Executing VM operation: G1CollectForAllocation (G1 Evacuation Pause)
Event: 257.691 Executing VM operation: G1CollectForAllocation (G1 Evacuation Pause) done
Event: 258.702 Executing VM operation: Cleanup
Event: 258.718 Executing VM operation: Cleanup done
Event: 259.721 Executing VM operation: Cleanup
Event: 259.722 Executing VM operation: Cleanup done
Event: 260.724 Executing VM operation: Cleanup
Event: 260.730 Executing VM operation: Cleanup done
Event: 261.737 Executing VM operation: Cleanup
Event: 261.737 Executing VM operation: Cleanup done
Event: 262.739 Executing VM operation: Cleanup
Event: 262.757 Executing VM operation: Cleanup done
Event: 263.759 Executing VM operation: Cleanup
Event: 263.760 Executing VM operation: Cleanup done
Event: 264.763 Executing VM operation: Cleanup
Event: 264.779 Executing VM operation: Cleanup done
Event: 265.196 Executing VM operation: HandshakeAllThreads (Deoptimize)
Event: 265.198 Executing VM operation: HandshakeAllThreads (Deoptimize) done
Event: 265.874 Executing VM operation: G1CollectForAllocation (G1 Evacuation Pause)
Event: 266.014 Executing VM operation: G1CollectForAllocation (G1 Evacuation Pause) done

Events (20 events):
Event: 249.895 Thread 0x000002052f61dff0 flushing nmethod 0x000002051c395710
Event: 249.895 Thread 0x000002052f61dff0 flushing nmethod 0x000002051c48da90
Event: 249.895 Thread 0x000002052f61dff0 flushing nmethod 0x000002051c58b590
Event: 249.895 Thread 0x000002052f61dff0 flushing nmethod 0x000002051c787e90
Event: 249.895 Thread 0x000002052f61dff0 flushing nmethod 0x000002051c8af210
Event: 249.895 Thread 0x000002052f61dff0 flushing nmethod 0x000002051c9ce810
Event: 249.895 Thread 0x000002052f61dff0 flushing nmethod 0x000002051cb39590
Event: 249.895 Thread 0x000002052f61dff0 flushing nmethod 0x000002051cb3a390
Event: 249.895 Thread 0x000002052f61dff0 flushing nmethod 0x000002051cb3c010
Event: 249.895 Thread 0x000002052f61dff0 flushing nmethod 0x000002051cc28210
Event: 249.895 Thread 0x000002052f61dff0 flushing nmethod 0x000002051cc38810
Event: 249.895 Thread 0x000002052f61dff0 flushing nmethod 0x000002051cc40310
Event: 249.895 Thread 0x000002052f61dff0 flushing nmethod 0x000002051cc41510
Event: 249.895 Thread 0x000002052f61dff0 flushing nmethod 0x000002051cc4d690
Event: 249.895 Thread 0x000002052f61dff0 flushing nmethod 0x000002051cc4ee10
Event: 249.895 Thread 0x000002052f61dff0 flushing nmethod 0x000002051cc60f90
Event: 249.895 Thread 0x000002052f61dff0 flushing nmethod 0x000002051cd20b90
Event: 249.895 Thread 0x000002052f61dff0 flushing nmethod 0x000002051cd23410
Event: 249.895 Thread 0x000002052f61dff0 flushing nmethod 0x000002051cd58590
Event: 249.895 Thread 0x000002052f61dff0 flushing nmethod 0x000002051cd59a90


Dynamic libraries:
0x00007ff600530000 - 0x00007ff600540000 	C:\Program Files\Java\jdk-21_windows-x64_bin\jdk-21.0.8\bin\java.exe
0x00007ffa5af10000 - 0x00007ffa5b347000 	C:\WINDOWS\SYSTEM32\ntdll.dll
0x00007ffa5a650000 - 0x00007ffa5a820000 	C:\WINDOWS\System32\xtajit64se.dll
0x00007ffa5a830000 - 0x00007ffa5a99a000 	C:\WINDOWS\System32\KERNEL32.DLL
0x00007ffa56360000 - 0x00007ffa56a40000 	C:\WINDOWS\System32\KERNELBASE.dll
0x00007ffa55d70000 - 0x00007ffa55e76000 	C:\WINDOWS\SYSTEM32\apphelp.dll
0x00007ffa56e00000 - 0x00007ffa57029000 	C:\WINDOWS\System32\ucrtbase.dll
0x00007ffa36d30000 - 0x00007ffa36d4b000 	C:\Program Files\Java\jdk-21_windows-x64_bin\jdk-21.0.8\bin\VCRUNTIME140.dll
0x00007ffa3cb20000 - 0x00007ffa3cb39000 	C:\Program Files\Java\jdk-21_windows-x64_bin\jdk-21.0.8\bin\jli.dll
0x00007ffa586b0000 - 0x00007ffa587fd000 	C:\WINDOWS\System32\ADVAPI32.dll
0x00007ffa58b30000 - 0x00007ffa58c78000 	C:\WINDOWS\System32\msvcrt.dll
0x00007ffa57220000 - 0x00007ffa57344000 	C:\WINDOWS\System32\sechost.dll
0x00007ffa5ac00000 - 0x00007ffa5ae03000 	C:\WINDOWS\System32\RPCRT4.dll
0x00007ffa58130000 - 0x00007ffa583bb000 	C:\WINDOWS\System32\USER32.dll
0x00007ffa3a470000 - 0x00007ffa3a8da000 	C:\WINDOWS\WinSxS\arm64_microsoft.windows.common-controls_6595b64144ccf1df_6.0.26100.9278_none_3e0d1b06e3303345\COMCTL32.dll
0x00007ffa56a50000 - 0x00007ffa56ab1000 	C:\WINDOWS\System32\win32u.dll
0x00007ffa57e50000 - 0x00007ffa57eb5000 	C:\WINDOWS\System32\GDI32.dll
0x00007ffa56ac0000 - 0x00007ffa56ca3000 	C:\WINDOWS\System32\gdi32full.dll
0x00007ffa56200000 - 0x00007ffa56359000 	C:\WINDOWS\System32\msvcp_win.dll
0x00007ffa45140000 - 0x00007ffa45156000 	C:\WINDOWS\SYSTEM32\VERSION.dll
0x00007ffa57350000 - 0x00007ffa573a7000 	C:\WINDOWS\System32\IMM32.DLL
0x00007ffa4db90000 - 0x00007ffa4db9c000 	C:\Program Files\Java\jdk-21_windows-x64_bin\jdk-21.0.8\bin\vcruntime140_1.dll
0x00007ffa02be0000 - 0x00007ffa02c6e000 	C:\Program Files\Java\jdk-21_windows-x64_bin\jdk-21.0.8\bin\msvcp140.dll
0x00007ff9ab400000 - 0x00007ff9ac11d000 	C:\Program Files\Java\jdk-21_windows-x64_bin\jdk-21.0.8\bin\server\jvm.dll
0x00007ffa55fb0000 - 0x00007ffa5602c000 	C:\WINDOWS\SYSTEM32\POWRPROF.dll
0x00007ffa58050000 - 0x00007ffa58126000 	C:\WINDOWS\System32\WS2_32.dll
0x00007ffa3a400000 - 0x00007ffa3a463000 	C:\WINDOWS\SYSTEM32\WINMM.dll
0x00007ffa55f80000 - 0x00007ffa55fa7000 	C:\WINDOWS\SYSTEM32\UMPDC.dll
0x00007ffa53f70000 - 0x00007ffa53fa1000 	C:\WINDOWS\SYSTEM32\kernel.appcore.dll
0x00007ffa4d9e0000 - 0x00007ffa4d9ea000 	C:\Program Files\Java\jdk-21_windows-x64_bin\jdk-21.0.8\bin\jimage.dll
0x00007ffa434a0000 - 0x00007ffa438db000 	C:\WINDOWS\SYSTEM32\DBGHELP.DLL
0x00007ffa58c80000 - 0x00007ffa59336000 	C:\WINDOWS\System32\combase.dll
0x00007ffa5a4a0000 - 0x00007ffa5a646000 	C:\WINDOWS\System32\OLEAUT32.dll
0x00007ffa0c510000 - 0x00007ffa0c57f000 	C:\WINDOWS\SYSTEM32\dbgcore.DLL
0x00007ffa57030000 - 0x00007ffa5712f000 	C:\WINDOWS\System32\bcryptPrimitives.dll
0x00007ffa36cf0000 - 0x00007ffa36cff000 	C:\Program Files\Java\jdk-21_windows-x64_bin\jdk-21.0.8\bin\instrument.dll
0x00007ffa32210000 - 0x00007ffa3222f000 	C:\Program Files\Java\jdk-21_windows-x64_bin\jdk-21.0.8\bin\java.dll
0x00007ffa59340000 - 0x00007ffa5a213000 	C:\WINDOWS\System32\SHELL32.dll
0x00007ffa51e50000 - 0x00007ffa530ca000 	C:\WINDOWS\SYSTEM32\windows.storage.dll
0x00007ffa57bb0000 - 0x00007ffa57dc0000 	C:\WINDOWS\System32\SHCORE.dll
0x00007ffa57160000 - 0x00007ffa5721a000 	C:\WINDOWS\System32\shlwapi.dll
0x00007ffa560a0000 - 0x00007ffa560eb000 	C:\WINDOWS\SYSTEM32\profapi.dll
0x00007ff9daaa0000 - 0x00007ff9dab77000 	C:\Program Files\Java\jdk-21_windows-x64_bin\jdk-21.0.8\bin\jsvml.dll
0x00007ffa2ccb0000 - 0x00007ffa2ccc8000 	C:\Program Files\Java\jdk-21_windows-x64_bin\jdk-21.0.8\bin\zip.dll
0x00007ffa49b70000 - 0x00007ffa49b80000 	C:\Program Files\Java\jdk-21_windows-x64_bin\jdk-21.0.8\bin\net.dll
0x00007ffa47a60000 - 0x00007ffa47c6d000 	C:\WINDOWS\SYSTEM32\WINHTTP.dll
0x00007ffa547f0000 - 0x00007ffa548b3000 	C:\WINDOWS\system32\mswsock.dll
0x00007ffa30370000 - 0x00007ffa30386000 	C:\Program Files\Java\jdk-21_windows-x64_bin\jdk-21.0.8\bin\nio.dll
0x00007ffa3b2a0000 - 0x00007ffa3b2b0000 	C:\Program Files\Java\jdk-21_windows-x64_bin\jdk-21.0.8\bin\verify.dll
0x00007ffa2b660000 - 0x00007ffa2b687000 	C:\Users\akard\AppData\Local\Temp\cursor-sandbox-cache\49dc35cb4c8d8a83ccabbb20113ffa12\gradle\native\660c5614fbf4a5f2a75b1949f50a0caf5cd603558e7d8a26e50b933a0cfb79d1\windows-amd64\native-platform.dll
0x00007ff9dcc20000 - 0x00007ff9dcc97000 	C:\Users\akard\AppData\Local\Temp\cursor-sandbox-cache\49dc35cb4c8d8a83ccabbb20113ffa12\gradle\native\0.2.8\x86_64-windows-gnu\gradle-fileevents.dll
0x00007ffa3f760000 - 0x00007ffa3f76a000 	C:\Program Files\Java\jdk-21_windows-x64_bin\jdk-21.0.8\bin\management.dll
0x00007ffa3ca90000 - 0x00007ffa3ca9b000 	C:\Program Files\Java\jdk-21_windows-x64_bin\jdk-21.0.8\bin\management_ext.dll
0x00007ffa58030000 - 0x00007ffa5803f000 	C:\WINDOWS\System32\PSAPI.DLL
0x00007ffa53570000 - 0x00007ffa535ce000 	C:\WINDOWS\SYSTEM32\IPHLPAPI.DLL
0x00007ffa57140000 - 0x00007ffa57152000 	C:\WINDOWS\System32\NSI.dll
0x00007ffa36d20000 - 0x00007ffa36d29000 	C:\Program Files\Java\jdk-21_windows-x64_bin\jdk-21.0.8\bin\extnet.dll
0x00007ffa54c50000 - 0x00007ffa54c80000 	C:\WINDOWS\SYSTEM32\CRYPTSP.dll
0x00007ffa53ea0000 - 0x00007ffa53f07000 	C:\WINDOWS\system32\rsaenh.dll
0x00007ffa54910000 - 0x00007ffa54971000 	C:\WINDOWS\SYSTEM32\USERENV.dll
0x00007ffa56040000 - 0x00007ffa5608d000 	C:\WINDOWS\SYSTEM32\bcrypt.dll
0x00007ffa54c90000 - 0x00007ffa54ca8000 	C:\WINDOWS\SYSTEM32\CRYPTBASE.dll
0x00007ffa49dc0000 - 0x00007ffa49dce000 	C:\Program Files\Java\jdk-21_windows-x64_bin\jdk-21.0.8\bin\sunmscapi.dll
0x00007ffa55100000 - 0x00007ffa553a5000 	C:\WINDOWS\SYSTEM32\CRYPT32.dll
0x00007ffa55070000 - 0x00007ffa550c9000 	C:\WINDOWS\SYSTEM32\ncrypt.dll
0x00007ffa55000000 - 0x00007ffa5506a000 	C:\WINDOWS\SYSTEM32\NTASN1.dll
0x00007ffa3f550000 - 0x00007ffa3f560000 	C:\WINDOWS\system32\wshunix.dll

dbghelp: loaded successfully - version: 4.0.5 - missing functions: none
symbol engine: initialized successfully - sym options: 0x614 - pdb path: .;C:\Program Files\Java\jdk-21_windows-x64_bin\jdk-21.0.8\bin;C:\WINDOWS\SYSTEM32;C:\WINDOWS\WinSxS\arm64_microsoft.windows.common-controls_6595b64144ccf1df_6.0.26100.9278_none_3e0d1b06e3303345;C:\Program Files\Java\jdk-21_windows-x64_bin\jdk-21.0.8\bin\server;C:\Users\akard\AppData\Local\Temp\cursor-sandbox-cache\49dc35cb4c8d8a83ccabbb20113ffa12\gradle\native\660c5614fbf4a5f2a75b1949f50a0caf5cd603558e7d8a26e50b933a0cfb79d1\windows-amd64;C:\Users\akard\AppData\Local\Temp\cursor-sandbox-cache\49dc35cb4c8d8a83ccabbb20113ffa12\gradle\native\0.2.8\x86_64-windows-gnu

VM Arguments:
jvm_args: --add-opens=java.base/java.lang=ALL-UNNAMED --add-opens=java.base/java.lang.invoke=ALL-UNNAMED --add-opens=java.base/java.util=ALL-UNNAMED --add-opens=java.prefs/java.util.prefs=ALL-UNNAMED --add-exports=jdk.compiler/com.sun.tools.javac.api=ALL-UNNAMED --add-exports=jdk.compiler/com.sun.tools.javac.util=ALL-UNNAMED --add-opens=java.base/java.nio.charset=ALL-UNNAMED --add-opens=java.base/java.net=ALL-UNNAMED --add-opens=java.base/java.util.concurrent=ALL-UNNAMED --add-opens=java.base/java.util.concurrent.atomic=ALL-UNNAMED --add-opens=java.xml/javax.xml.namespace=ALL-UNNAMED --add-opens=java.base/java.time=ALL-UNNAMED -XX:MaxMetaspaceSize=384m -Xmx1024m -Dfile.encoding=UTF-8 -Duser.country=BR -Duser.language=pt -Duser.variant -javaagent:C:\Users\akard\AppData\Local\Temp\cursor-sandbox-cache\49dc35cb4c8d8a83ccabbb20113ffa12\gradle\wrapper\dists\gradle-9.5.0-bin\bvnork1r7n8i6kp5cnkibsc9q\gradle-9.5.0\lib\agents\gradle-instrumentation-agent-9.5.0.jar 
java_command: org.gradle.launcher.daemon.bootstrap.GradleDaemon 9.5.0
java_class_path (initial): C:\Users\akard\AppData\Local\Temp\cursor-sandbox-cache\49dc35cb4c8d8a83ccabbb20113ffa12\gradle\wrapper\dists\gradle-9.5.0-bin\bvnork1r7n8i6kp5cnkibsc9q\gradle-9.5.0\lib\gradle-daemon-main-9.5.0.jar
Launcher Type: SUN_STANDARD

[Global flags]
     intx CICompilerCount                          = 4                                         {product} {ergonomic}
   size_t CompressedClassSpaceSize                 = 335544320                                 {product} {ergonomic}
     uint ConcGCThreads                            = 2                                         {product} {ergonomic}
     uint G1ConcRefinementThreads                  = 8                                         {product} {ergonomic}
   size_t G1HeapRegionSize                         = 1048576                                   {product} {ergonomic}
    uintx GCDrainStackTargetSize                   = 64                                        {product} {ergonomic}
   size_t InitialHeapSize                          = 62914560                                  {product} {ergonomic}
   size_t MarkStackSize                            = 4194304                                   {product} {ergonomic}
   size_t MaxHeapSize                              = 1073741824                                {product} {command line}
   size_t MaxMetaspaceSize                         = 402653184                                 {product} {command line}
   size_t MaxNewSize                               = 643825664                                 {product} {ergonomic}
   size_t MinHeapDeltaBytes                        = 1048576                                   {product} {ergonomic}
   size_t MinHeapSize                              = 8388608                                   {product} {ergonomic}
    uintx NonNMethodCodeHeapSize                   = 5839372                                {pd product} {ergonomic}
    uintx NonProfiledCodeHeapSize                  = 122909434                              {pd product} {ergonomic}
    uintx ProfiledCodeHeapSize                     = 122909434                              {pd product} {ergonomic}
    uintx ReservedCodeCacheSize                    = 251658240                              {pd product} {ergonomic}
     bool SegmentedCodeCache                       = true                                      {product} {ergonomic}
   size_t SoftMaxHeapSize                          = 1073741824                             {manageable} {ergonomic}
     bool UseCompressedOops                        = true                           {product lp64_product} {ergonomic}
     bool UseG1GC                                  = true                                      {product} {ergonomic}
     bool UseLargePagesIndividualAllocation        = false                                  {pd product} {ergonomic}

Logging:
Log output configuration:
 #0: stdout all=warning uptime,level,tags foldmultilines=false
 #1: stderr all=off uptime,level,tags foldmultilines=false

Environment Variables:
JAVA_HOME=C:\Program Files\Java\jdk-21_windows-x64_bin\jdk-21.0.8
PATH=c:\Users\akard\AppData\Local\Programs\cursor\resources\app\node_modules\@vscode\ripgrep\bin;C:\Users\akard\AppData\Local\Programs\Python\Python313\Scripts\;C:\Users\akard\AppData\Local\Programs\Python\Python313;C:\Program Files\Java\jdk-21_windows-x64_bin\jdk-21.0.8\bin;C:\raylib\w64devkit\bin;C:\w64devkit\bin;C:\Program Files\Common Files\Oracle\Java\javapath;C:\Program Files\Java\jdk-25\bin;C:\WINDOWS\system32;C:\WINDOWS;C:\WINDOWS\System32\Wbem;C:\WINDOWS\System32\WindowsPowerShell\v1.0\;C:\WINDOWS\System32\OpenSSH\;C:\Program Files\Git\cmd;C:\Program Files\dotnet\;c:\Users\akard\AppData\Local\Programs\cursor\resources\app\codeBin;C:\Users\akard\AppData\Local\Programs\Python\Python313\Scripts\;C:\Users\akard\AppData\Local\Programs\Python\Python313\;C:\Users\akard\AppData\Local\Programs\Microsoft VS Code\bin;C:\Program Files\Java\jdk-25\bin;C:\raylib\w64devkit\bin;C:\w64devkit\bin;C:\Users\akard\.local\bin;C:\Users\akard\AppData\Local\Programs\cursor\resources\app\bin;C:\Users\akard\.dotnet\tools
USERNAME=akardec
TERM=dumb
OS=Windows_NT
PROCESSOR_IDENTIFIER=ARMv8 (64-bit) Family 8 Model 805 Revision D0E, Qualcomm Technologies Inc
TMP=C:\Users\akard\AppData\Local\Temp
TEMP=C:\Users\akard\AppData\Local\Temp




Periodic native trim disabled

---------------  S Y S T E M  ---------------

OS:
 Windows 11 , 64 bit Build 26100 (10.0.26100.9278)
OS uptime: 0 days 9:50 hours

CPU: total 8 (initial active 8) (8 cores per cpu, 1 threads per core) family 21 model 0 stepping 1 microcode 0x0, cx8, cmov, fxsr, mmx, 3dnowpref, sse, sse2, sse3, ssse3, sse4.1, sse4.2, popcnt, lzcnt, tsc, tscinvbit, avx, avx2, aes, clmul, bmi1, bmi2, fma, vzeroupper, clflush, rdtscp, f16c
Processor Information for processor 0
  Max Mhz: 1804, Current Mhz: 1804, Mhz Limit: 1804
Processor Information for processor 1
  Max Mhz: 1804, Current Mhz: 1804, Mhz Limit: 1804
Processor Information for processor 2
  Max Mhz: 1804, Current Mhz: 1804, Mhz Limit: 1804
Processor Information for processor 3
  Max Mhz: 1804, Current Mhz: 1804, Mhz Limit: 1804
Processor Information for processor 4
  Max Mhz: 1804, Current Mhz: 1804, Mhz Limit: 1804
Processor Information for processor 5
  Max Mhz: 1804, Current Mhz: 1804, Mhz Limit: 1804
Processor Information for processor 6
  Max Mhz: 2553, Current Mhz: 1113, Mhz Limit: 2553
Processor Information for processor 7
  Max Mhz: 2553, Current Mhz: 1113, Mhz Limit: 2553

Memory: 4k page, system-wide physical 3767M (153M free)
TotalPageFile size 15543M (AvailPageFile size 0M)
current process WorkingSet (physical memory assigned to process): 333M, peak: 417M
current process commit charge ("private bytes"): 585M, peak: 585M

vm_info: Java HotSpot(TM) 64-Bit Server VM (21.0.8+12-LTS-250) for windows-amd64 JRE (21.0.8+12-LTS-250), built on 2025-06-27T08:11:22Z by "mach5one" with MS VC++ 17.6 (VS2022)

END.
